Component: ARM Compiler 5.06 update 6 (build 750) Tool: armlink [4d35ed]

==============================================================================

Section Cross References

    startup_stm32f103xb.o(RESET) refers to startup_stm32f103xb.o(STACK) for __initial_sp
    startup_stm32f103xb.o(RESET) refers to startup_stm32f103xb.o(.text) for Reset_Handler
    startup_stm32f103xb.o(RESET) refers to stm32f1xx_it.o(i.NMI_Handler) for NMI_Handler
    startup_stm32f103xb.o(RESET) refers to stm32f1xx_it.o(i.HardFault_Handler) for HardFault_Handler
    startup_stm32f103xb.o(RESET) refers to stm32f1xx_it.o(i.MemManage_Handler) for MemManage_Handler
    startup_stm32f103xb.o(RESET) refers to stm32f1xx_it.o(i.BusFault_Handler) for BusFault_Handler
    startup_stm32f103xb.o(RESET) refers to stm32f1xx_it.o(i.UsageFault_Handler) for UsageFault_Handler
    startup_stm32f103xb.o(RESET) refers to stm32f1xx_it.o(i.SVC_Handler) for SVC_Handler
    startup_stm32f103xb.o(RESET) refers to stm32f1xx_it.o(i.DebugMon_Handler) for DebugMon_Handler
    startup_stm32f103xb.o(RESET) refers to stm32f1xx_it.o(i.PendSV_Handler) for PendSV_Handler
    startup_stm32f103xb.o(RESET) refers to stm32f1xx_it.o(i.SysTick_Handler) for SysTick_Handler
    startup_stm32f103xb.o(RESET) refers to stm32f1xx_it.o(i.DMA1_Channel5_IRQHandler) for DMA1_Channel5_IRQHandler
    startup_stm32f103xb.o(RESET) refers to stm32f1xx_it.o(i.DMA1_Channel6_IRQHandler) for DMA1_Channel6_IRQHandler
    startup_stm32f103xb.o(.text) refers to system_stm32f1xx.o(i.SystemInit) for SystemInit
    startup_stm32f103xb.o(.text) refers to entry.o(.ARM.Collect$$$$00000000) for __main
    main.o(i.HAL_UART_RxCpltCallback) refers to scanf_fp.o(.text) for _scanf_real
    main.o(i.HAL_UART_RxCpltCallback) refers to _scanf_int.o(.text) for _scanf_int
    main.o(i.HAL_UART_RxCpltCallback) refers to strstr.o(.text) for strstr
    main.o(i.HAL_UART_RxCpltCallback) refers to __0sscanf.o(.text) for __0sscanf
    main.o(i.HAL_UART_RxCpltCallback) refers to fmul.o(.text) for __aeabi_fmul
    main.o(i.HAL_UART_RxCpltCallback) refers to roundf.o(i.roundf) for roundf
    main.o(i.HAL_UART_RxCpltCallback) refers to fdiv.o(.text) for __aeabi_fdiv
    main.o(i.HAL_UART_RxCpltCallback) refers to fadd.o(.text) for __aeabi_fadd
    main.o(i.HAL_UART_RxCpltCallback) refers to ffixi.o(.text) for __aeabi_f2iz
    main.o(i.HAL_UART_RxCpltCallback) refers to dflti.o(.text) for __aeabi_i2d
    main.o(i.HAL_UART_RxCpltCallback) refers to f2d.o(.text) for __aeabi_f2d
    main.o(i.HAL_UART_RxCpltCallback) refers to dmul.o(.text) for __aeabi_dmul
    main.o(i.HAL_UART_RxCpltCallback) refers to dadd.o(.text) for __aeabi_dsub
    main.o(i.HAL_UART_RxCpltCallback) refers to ddiv.o(.text) for __aeabi_ddiv
    main.o(i.HAL_UART_RxCpltCallback) refers to d2f.o(.text) for __aeabi_d2f
    main.o(i.HAL_UART_RxCpltCallback) refers to printfa.o(i.__0sprintf) for __2sprintf
    main.o(i.HAL_UART_RxCpltCallback) refers to strcpy.o(.text) for strcpy
    main.o(i.HAL_UART_RxCpltCallback) refers to main.o(.data) for .data
    main.o(i.HAL_UART_RxCpltCallback) refers to main.o(.bss) for .bss
    main.o(i.MX_GPIO_Init) refers to stm32f1xx_hal_gpio.o(i.HAL_GPIO_WritePin) for HAL_GPIO_WritePin
    main.o(i.MX_GPIO_Init) refers to stm32f1xx_hal_gpio.o(i.HAL_GPIO_Init) for HAL_GPIO_Init
    main.o(i.MX_SPI1_Init) refers to stm32f1xx_hal_spi.o(i.HAL_SPI_Init) for HAL_SPI_Init
    main.o(i.MX_SPI1_Init) refers to main.o(.bss) for .bss
    main.o(i.SystemClock_Config) refers to memseta.o(.text) for __aeabi_memclr4
    main.o(i.SystemClock_Config) refers to stm32f1xx_hal_rcc.o(i.HAL_RCC_OscConfig) for HAL_RCC_OscConfig
    main.o(i.SystemClock_Config) refers to stm32f1xx_hal_rcc.o(i.HAL_RCC_ClockConfig) for HAL_RCC_ClockConfig
    main.o(i.main) refers to stm32f1xx_hal.o(i.HAL_Init) for HAL_Init
    main.o(i.main) refers to main.o(i.SystemClock_Config) for SystemClock_Config
    main.o(i.main) refers to main.o(i.MX_GPIO_Init) for MX_GPIO_Init
    main.o(i.main) refers to stm32f1xx_hal_cortex.o(i.HAL_NVIC_SetPriority) for HAL_NVIC_SetPriority
    main.o(i.main) refers to stm32f1xx_hal_cortex.o(i.HAL_NVIC_EnableIRQ) for HAL_NVIC_EnableIRQ
    main.o(i.main) refers to main.o(i.MX_SPI1_Init) for MX_SPI1_Init
    main.o(i.main) refers to stm32f1xx_hal_uart.o(i.HAL_UART_Init) for HAL_UART_Init
    main.o(i.main) refers to stm32f1xx_hal_i2c.o(i.HAL_I2C_Init) for HAL_I2C_Init
    main.o(i.main) refers to memcpya.o(.text) for __aeabi_memcpy4
    main.o(i.main) refers to my_nrf24.o(i.NRF24_begin) for NRF24_begin
    main.o(i.main) refers to my_nrf24.o(i.nrf24_DebugUART_Init) for nrf24_DebugUART_Init
    main.o(i.main) refers to my_nrf24.o(i.printRadioSettings) for printRadioSettings
    main.o(i.main) refers to my_nrf24.o(i.NRF24_stopListening) for NRF24_stopListening
    main.o(i.main) refers to my_nrf24.o(i.NRF24_openWritingPipe) for NRF24_openWritingPipe
    main.o(i.main) refers to my_nrf24.o(i.NRF24_setAutoAck) for NRF24_setAutoAck
[...]
    Removing stm32f1xx_hal_uart.o(i.HAL_UART_AbortReceive_IT), (112 bytes).
    Removing stm32f1xx_hal_uart.o(i.HAL_UART_AbortTransmit), (78 bytes).
    Removing stm32f1xx_hal_uart.o(i.HAL_UART_AbortTransmitCpltCallback), (2 bytes).
    Removing stm32f1xx_hal_uart.o(i.HAL_UART_AbortTransmit_IT), (84 bytes).
    Removing stm32f1xx_hal_uart.o(i.HAL_UART_Abort_IT), (188 bytes).
    Removing stm32f1xx_hal_uart.o(i.HAL_UART_DMAPause), (102 bytes).
    Removing stm32f1xx_hal_uart.o(i.HAL_UART_DMAResume), (94 bytes).
    Removing stm32f1xx_hal_uart.o(i.HAL_UART_DMAStop), (88 bytes).
    Removing stm32f1xx_hal_uart.o(i.HAL_UART_DeInit), (52 bytes).
    Removing stm32f1xx_hal_uart.o(i.HAL_UART_GetError), (4 bytes).
    Removing stm32f1xx_hal_uart.o(i.HAL_UART_GetState), (10 bytes).
    Removing stm32f1xx_hal_uart.o(i.HAL_UART_IRQHandler), (524 bytes).
    Removing stm32f1xx_hal_uart.o(i.HAL_UART_MspDeInit), (2 bytes).
    Removing stm32f1xx_hal_uart.o(i.HAL_UART_MspInit), (2 bytes).
    Removing stm32f1xx_hal_uart.o(i.HAL_UART_Receive), (192 bytes).
    Removing stm32f1xx_hal_uart.o(i.HAL_UART_Receive_IT), (42 bytes).
    Removing stm32f1xx_hal_uart.o(i.HAL_UART_RxCpltCallback), (2 bytes).
    Removing stm32f1xx_hal_uart.o(i.HAL_UART_Transmit_DMA), (128 bytes).
    Removing stm32f1xx_hal_uart.o(i.HAL_UART_Transmit_IT), (62 bytes).
    Removing stm32f1xx_hal_uart.o(i.HAL_UART_TxCpltCallback), (2 bytes).
    Removing stm32f1xx_hal_uart.o(i.HAL_UART_TxHalfCpltCallback), (2 bytes).
    Removing stm32f1xx_hal_uart.o(i.UART_DMAAbortOnError), (16 bytes).
    Removing stm32f1xx_hal_uart.o(i.UART_DMARxAbortCallback), (44 bytes).
    Removing stm32f1xx_hal_uart.o(i.UART_DMARxOnlyAbortCallback), (22 bytes).
    Removing stm32f1xx_hal_uart.o(i.UART_DMATransmitCplt), (46 bytes).
    Removing stm32f1xx_hal_uart.o(i.UART_DMATxAbortCallback), (44 bytes).
    Removing stm32f1xx_hal_uart.o(i.UART_DMATxHalfCplt), (10 bytes).
    Removing stm32f1xx_hal_uart.o(i.UART_DMATxOnlyAbortCallback), (20 bytes).
    Removing stm32f1xx_hal_uart.o(i.UART_Receive_IT), (182 bytes).
    Removing stm32f1xx_hal_uart.o(i.UART_Start_Receive_IT), (54 bytes).
    Removing system_stm32f1xx.o(.rev16_text), (4 bytes).
    Removing system_stm32f1xx.o(.revsh_text), (4 bytes).
    Removing system_stm32f1xx.o(.rrx_text), (6 bytes).
    Removing system_stm32f1xx.o(i.SystemCoreClockUpdate), (104 bytes).
    Removing my_nrf24.o(.rev16_text), (4 bytes).
    Removing my_nrf24.o(.revsh_text), (4 bytes).
    Removing my_nrf24.o(.rrx_text), (6 bytes).
    Removing my_nrf24.o(i.NRF24_GetAckPayloadSize), (12 bytes).
    Removing my_nrf24.o(i.NRF24_available), (6 bytes).
    Removing my_nrf24.o(i.NRF24_disableCRC), (22 bytes).
    Removing my_nrf24.o(i.NRF24_getCRCLength), (32 bytes).
    Removing my_nrf24.o(i.NRF24_getDataRate), (32 bytes).
    Removing my_nrf24.o(i.NRF24_getPALevel), (40 bytes).
    Removing my_nrf24.o(i.NRF24_getPayloadSize), (12 bytes).
    Removing my_nrf24.o(i.NRF24_isAckPayloadAvailable), (16 bytes).
    Removing my_nrf24.o(i.NRF24_isNRF_Plus), (12 bytes).
    Removing my_nrf24.o(i.NRF24_openReadingPipe), (88 bytes).
    Removing my_nrf24.o(i.NRF24_powerUp), (22 bytes).
    Removing my_nrf24.o(i.NRF24_read), (36 bytes).
    Removing my_nrf24.o(i.NRF24_read_payload), (68 bytes).
    Removing my_nrf24.o(i.NRF24_setAutoAckPipe), (44 bytes).
    Removing my_nrf24.o(i.NRF24_startListening), (68 bytes).
    Removing my_nrf24.o(i.NRF24_testCarrier), (14 bytes).
    Removing my_nrf24.o(i.NRF24_testRPD), (14 bytes).
    Removing my_nrf24.o(i.NRF24_writeAckPayload), (46 bytes).
    Removing my_nrf24.o(i.printConfigReg), (180 bytes).
    Removing my_nrf24.o(i.printFIFOstatus), (152 bytes).
    Removing my_nrf24.o(i.printStatusReg), (168 bytes).
    Removing my_nrf24.o(.constdata), (13 bytes).

396 unused section(s) (total 29630 bytes) removed from the image.

==============================================================================

Image Symbol Table

    Local Symbols

    Symbol Name                              Value     Ov Type        Size  Object(Section)

    ../Core/Src/main.c                       0x00000000   Number         0  main.o ABSOLUTE
    ../Core/Src/stm32f1xx_hal_msp.c          0x00000000   Number         0  stm32f1xx_hal_msp.o ABSOLUTE
    ../Core/Src/stm32f1xx_it.c               0x00000000   Number         0  stm32f1xx_it.o ABSOLUTE
    ../Core/Src/system_stm32f1xx.c           0x00000000   Number         0  system_stm32f1xx.o ABSOLUTE
    ../Drivers/STM32F1xx_HAL_Driver/Src/stm32f1xx_hal.c 0x00000000   Number         0  stm32f1xx_hal.o ABSOLUTE
    ../Drivers/STM32F1xx_HAL_Driver/Src/stm32f1xx_hal_cortex.c 0x00000000   Number         0  stm32f1xx_hal_cortex.o ABSOLUTE
    ../Drivers/STM32F1xx_HAL_Driver/Src/stm32f1xx_hal_dma.c 0x00000000   Number         0  stm32f1xx_hal_dma.o ABSOLUTE
    ../Drivers/STM32F1xx_HAL_Driver/Src/stm32f1xx_hal_exti.c 0x00000000   Number         0  stm32f1xx_hal_exti.o ABSOLUTE
    ../Drivers/STM32F1xx_HAL_Driver/Src/stm32f1xx_hal_flash.c 0x00000000   Number         0  stm32f1xx_hal_flash.o ABSOLUTE
    ../Drivers/STM32F1xx_HAL_Driver/Src/stm32f1xx_hal_flash_ex.c 0x00000000   Number         0  stm32f1xx_hal_flash_ex.o ABSOLUTE
    ../Drivers/STM32F1xx_HAL_Driver/Src/stm32f1xx_hal_gpio.c 0x00000000   Number         0  stm32f1xx_hal_gpio.o ABSOLUTE
    ../Drivers/STM32F1xx_HAL_Driver/Src/stm32f1xx_hal_gpio_ex.c 0x00000000   Number         0  stm32f1xx_hal_gpio_ex.o ABSOLUTE
    ../Drivers/STM32F1xx_HAL_Driver/Src/stm32f1xx_hal_i2c.c 0x00000000   Number         0  stm32f1xx_hal_i2c.o ABSOLUTE
    ../Drivers/STM32F1xx_HAL_Driver/Src/stm32f1xx_hal_pwr.c 0x00000000   Number         0  stm32f1xx_hal_pwr.o ABSOLUTE
    ../Drivers/STM32F1xx_HAL_Driver/Src/stm32f1xx_hal_rcc.c 0x00000000   Number         0  stm32f1xx_hal_rcc.o ABSOLUTE
    ../Drivers/STM32F1xx_HAL_Driver/Src/stm32f1xx_hal_rcc_ex.c 0x00000000   Number         0  stm32f1xx_hal_rcc_ex.o ABSOLUTE
    ../Drivers/STM32F1xx_HAL_Driver/Src/stm32f1xx_hal_spi.c 0x00000000   Number         0  stm32f1xx_hal_spi.o ABSOLUTE
    ../Drivers/STM32F1xx_HAL_Driver/Src/stm32f1xx_hal_tim.c 0x00000000   Number         0  stm32f1xx_hal_tim.o ABSOLUTE
    ../Drivers/STM32F1xx_HAL_Driver/Src/stm32f1xx_hal_tim_ex.c 0x00000000   Number         0  stm32f1xx_hal_tim_ex.o ABSOLUTE
    ../Drivers/STM32F1xx_HAL_Driver/Src/stm32f1xx_hal_uart.c 0x00000000   Number         0  stm32f1xx_hal_uart.o ABSOLUTE
    ../clib/microlib/ctype/ctype.c           0x00000000   Number         0  isspace_c.o ABSOLUTE
    ../clib/microlib/ctype/ctype.c           0x00000000   Number         0  ctype_c.o ABSOLUTE
    ../clib/microlib/division.c              0x00000000   Number         0  uldiv.o ABSOLUTE
    ../clib/microlib/division.c              0x00000000   Number         0  uidiv.o ABSOLUTE
    ../clib/microlib/init/entry.s            0x00000000   Number         0  entry5.o ABSOLUTE
    ../clib/microlib/init/entry.s            0x00000000   Number         0  entry2.o ABSOLUTE
    ../clib/microlib/init/entry.s            0x00000000   Number         0  entry.o ABSOLUTE
    ../clib/microlib/init/entry.s            0x00000000   Number         0  entry11b.o ABSOLUTE
    ../clib/microlib/init/entry.s            0x00000000   Number         0  entry11a.o ABSOLUTE
    ../clib/microlib/init/entry.s            0x00000000   Number         0  entry10b.o ABSOLUTE
    ../clib/microlib/init/entry.s            0x00000000   Number         0  entry10a.o ABSOLUTE
    ../clib/microlib/init/entry.s            0x00000000   Number         0  entry9b.o ABSOLUTE
    ../clib/microlib/init/entry.s            0x00000000   Number         0  entry7a.o ABSOLUTE
    ../clib/microlib/init/entry.s            0x00000000   Number         0  entry8b.o ABSOLUTE
    ../clib/microlib/init/entry.s            0x00000000   Number         0  entry8a.o ABSOLUTE
    ../clib/microlib/init/entry.s            0x00000000   Number         0  entry7b.o ABSOLUTE
    ../clib/microlib/init/entry.s            0x00000000   Number         0  entry9a.o ABSOLUTE
    ../clib/microlib/longlong.c              0x00000000   Number         0  llsshr.o ABSOLUTE
    ../clib/microlib/longlong.c              0x00000000   Number         0  llushr.o ABSOLUTE
    ../clib/microlib/longlong.c              0x00000000   Number         0  llshl.o ABSOLUTE
    ../clib/microlib/printf/printf.c         0x00000000   Number         0  printfa.o ABSOLUTE
    ../clib/microlib/printf/printf.c         0x00000000   Number         0  printf8.o ABSOLUTE
    ../clib/microlib/printf/printf.c         0x00000000   Number         0  printf7.o ABSOLUTE
    ../clib/microlib/printf/printf.c         0x00000000   Number         0  printf6.o ABSOLUTE
    ../clib/microlib/printf/printf.c         0x00000000   Number         0  printf5.o ABSOLUTE
    ../clib/microlib/printf/printf.c         0x00000000   Number         0  printf4.o ABSOLUTE
    ../clib/microlib/printf/printf.c         0x00000000   Number         0  printf2.o ABSOLUTE
    ../clib/microlib/printf/printf.c         0x00000000   Number         0  printf1.o ABSOLUTE
    ../clib/microlib/printf/printf.c         0x00000000   Number         0  printf0.o ABSOLUTE
    ../clib/microlib/printf/printf.c         0x00000000   Number         0  printfb.o ABSOLUTE
    ../clib/microlib/printf/printf.c         0x00000000   Number         0  printf3.o ABSOLUTE
    ../clib/microlib/printf/stubs.s          0x00000000   Number         0  stubs.o ABSOLUTE
    ../clib/microlib/stdio/fputc.c           0x00000000   Number         0  fputc.o ABSOLUTE
    ../clib/microlib/stdio/semi.s            0x00000000   Number         0  semi.o ABSOLUTE
    ../clib/microlib/stdio/streams.c         0x00000000   Number         0  stdout.o ABSOLUTE
    ../clib/microlib/string/memcpy.c         0x00000000   Number         0  memcpyb.o ABSOLUTE
    ../clib/microlib/string/memcpy.c         0x00000000   Number         0  memcpya.o ABSOLUTE
    ../clib/microlib/string/memset.c         0x00000000   Number         0  memseta.o ABSOLUTE
    ../clib/microlib/string/strcpy.c         0x00000000   Number         0  strcpy.o ABSOLUTE
    ../clib/microlib/string/strlen.c         0x00000000   Number         0  strlen.o ABSOLUTE
    ../clib/microlib/string/strstr.c         0x00000000   Number         0  strstr.o ABSOLUTE
    ../clib/microlib/stubs.s                 0x00000000   Number         0  iusefp.o ABSOLUTE
    ../clib/microlib/stubs.s                 0x00000000   Number         0  iusesemip.o ABSOLUTE
    ../clib/scanf.c                          0x00000000   Number         0  _sgetc.o ABSOLUTE
    ../clib/scanf.c                          0x00000000   Number         0  scanf_char.o ABSOLUTE
    ../clib/scanf.c                          0x00000000   Number         0  _chval.o ABSOLUTE
    ../clib/scanf.c                          0x00000000   Number         0  __0sscanf.o ABSOLUTE
    ../clib/scanf.c                          0x00000000   Number         0  _scanf.o ABSOLUTE
    ../clib/scanf.c                          0x00000000   Number         0  _scanf_int.o ABSOLUTE
    ../clib/scanf.c                          0x00000000   Number         0  scanf_fp.o ABSOLUTE
    ../fplib/microlib/d2f.c                  0x00000000   Number         0  d2f.o ABSOLUTE
    ../fplib/microlib/f2d.c                  0x00000000   Number         0  f2d.o ABSOLUTE
    ../fplib/microlib/fpadd.c                0x00000000   Number         0  fadd.o ABSOLUTE
    ../fplib/microlib/fpadd.c                0x00000000   Number         0  dadd.o ABSOLUTE
    ../fplib/microlib/fpdiv.c                0x00000000   Number         0  ddiv.o ABSOLUTE
    ../fplib/microlib/fpdiv.c                0x00000000   Number         0  fdiv.o ABSOLUTE
    ../fplib/microlib/fpepilogue.c           0x00000000   Number         0  depilogue.o ABSOLUTE
    ../fplib/microlib/fpepilogue.c           0x00000000   Number         0  fepilogue.o ABSOLUTE
    ../fplib/microlib/fpfix.c                0x00000000   Number         0  ffixi.o ABSOLUTE
    ../fplib/microlib/fpfix.c                0x00000000   Number         0  dfixul.o ABSOLUTE
    ../fplib/microlib/fpflt.c                0x00000000   Number         0  dflti.o ABSOLUTE
    ../fplib/microlib/fpflt.c                0x00000000   Number         0  dfltul.o ABSOLUTE
    ../fplib/microlib/fpmul.c                0x00000000   Number         0  dmul.o ABSOLUTE
    ../fplib/microlib/fpmul.c                0x00000000   Number         0  fmul.o ABSOLUTE
    ../fplib/microlib/fprnd.c                0x00000000   Number         0  frnd.o ABSOLUTE
    ../mathlib/round.c                       0x00000000   Number         0  roundf.o ABSOLUTE
    ..\Core\Src\MY_NRF24.c                   0x00000000   Number         0  my_nrf24.o ABSOLUTE
    ..\Core\Src\main.c                       0x00000000   Number         0  main.o ABSOLUTE
    ..\Core\Src\stm32f1xx_hal_msp.c          0x00000000   Number         0  stm32f1xx_hal_msp.o ABSOLUTE
    ..\Core\Src\stm32f1xx_it.c               0x00000000   Number         0  stm32f1xx_it.o ABSOLUTE
    ..\Core\Src\system_stm32f1xx.c           0x00000000   Number         0  system_stm32f1xx.o ABSOLUTE
    ..\Drivers\STM32F1xx_HAL_Driver\Src\stm32f1xx_hal.c 0x00000000   Number         0  stm32f1xx_hal.o ABSOLUTE
    ..\Drivers\STM32F1xx_HAL_Driver\Src\stm32f1xx_hal_cortex.c 0x00000000   Number         0  stm32f1xx_hal_cortex.o ABSOLUTE
    ..\Drivers\STM32F1xx_HAL_Driver\Src\stm32f1xx_hal_dma.c 0x00000000   Number         0  stm32f1xx_hal_dma.o ABSOLUTE
    ..\Drivers\STM32F1xx_HAL_Driver\Src\stm32f1xx_hal_exti.c 0x00000000   Number         0  stm32f1xx_hal_exti.o ABSOLUTE
    ..\Drivers\STM32F1xx_HAL_Driver\Src\stm32f1xx_hal_flash.c 0x00000000   Number         0  stm32f1xx_hal_flash.o ABSOLUTE
    ..\Drivers\STM32F1xx_HAL_Driver\Src\stm32f1xx_hal_flash_ex.c 0x00000000   Number         0  stm32f1xx_hal_flash_ex.o ABSOLUTE
    ..\Drivers\STM32F1xx_HAL_Driver\Src\stm32f1xx_hal_gpio.c 0x00000000   Number         0  stm32f1xx_hal_gpio.o ABSOLUTE
    ..\Drivers\STM32F1xx_HAL_Driver\Src\stm32f1xx_hal_gpio_ex.c 0x00000000   Number         0  stm32f1xx_hal_gpio_ex.o ABSOLUTE
    ..\Drivers\STM32F1xx_HAL_Driver\Src\stm32f1xx_hal_i2c.c 0x00000000   Number         0  stm32f1xx_hal_i2c.o ABSOLUTE
    ..\Drivers\STM32F1xx_HAL_Driver\Src\stm32f1xx_hal_pwr.c 0x00000000   Number         0  stm32f1xx_hal_pwr.o ABSOLUTE
    ..\Drivers\STM32F1xx_HAL_Driver\Src\stm32f1xx_hal_rcc.c 0x00000000   Number         0  stm32f1xx_hal_rcc.o ABSOLUTE
    ..\Drivers\STM32F1xx_HAL_Driver\Src\stm32f1xx_hal_rcc_ex.c 0x00000000   Number         0  stm32f1xx_hal_rcc_ex.o ABSOLUTE
    ..\Drivers\STM32F1xx_HAL_Driver\Src\stm32f1xx_hal_spi.c 0x00000000   Number         0  stm32f1xx_hal_spi.o ABSOLUTE
    ..\Drivers\STM32F1xx_HAL_Driver\Src\stm32f1xx_hal_tim.c 0x00000000   Number         0  stm32f1xx_hal_tim.o ABSOLUTE
    ..\Drivers\STM32F1xx_HAL_Driver\Src\stm32f1xx_hal_tim_ex.c 0x00000000   Number         0  stm32f1xx_hal_tim_ex.o ABSOLUTE
    ..\Drivers\STM32F1xx_HAL_Driver\Src\stm32f1xx_hal_uart.c 0x00000000   Number         0  stm32f1xx_hal_uart.o ABSOLUTE
    ..\\Core\\Src\\MY_NRF24.c                0x00000000   Number         0  my_nrf24.o ABSOLUTE
    cdrcmple.s                               0x00000000   Number         0  cdrcmple.o ABSOLUTE
    dc.s                                     0x00000000   Number         0  dc.o ABSOLUTE
    handlers.s                               0x00000000   Number         0  handlers.o ABSOLUTE
    init.s                                   0x00000000   Number         0  init.o ABSOLUTE
    startup_stm32f103xb.s                    0x00000000   Number         0  startup_stm32f103xb.o ABSOLUTE
    RESET                                    0x08000000   Section      236  startup_stm32f103xb.o(RESET)
    .ARM.Collect$$$$00000000                 0x080000ec   Section        0  entry.o(.ARM.Collect$$$$00000000)
    .ARM.Collect$$$$00000001                 0x080000ec   Section        4  entry2.o(.ARM.Collect$$$$00000001)
    .ARM.Collect$$$$00000004                 0x080000f0   Section        4  entry5.o(.ARM.Collect$$$$00000004)
    .ARM.Collect$$$$00000008                 0x080000f4   Section        0  entry7b.o(.ARM.Collect$$$$00000008)
    .ARM.Collect$$$$0000000A                 0x080000f4   Section        0  entry8b.o(.ARM.Collect$$$$0000000A)
    .ARM.Collect$$$$0000000B                 0x080000f4   Section        8  entry9a.o(.ARM.Collect$$$$0000000B)
    .ARM.Collect$$$$0000000D                 0x080000fc   Section        0  entry10a.o(.ARM.Collect$$$$0000000D)
    .ARM.Collect$$$$0000000F                 0x080000fc   Section        0  entry11a.o(.ARM.Collect$$$$0000000F)
    .ARM.Collect$$$$00002712                 0x080000fc   Section        4  entry2.o(.ARM.Collect$$$$00002712)
    __lit__00000000                          0x080000fc   Data           4  entry2.o(.ARM.Collect$$$$00002712)
    .text                                    0x08000100   Section       36  startup_stm32f103xb.o(.text)
    .text                                    0x08000124   Section        0  llushr.o(.text)
    .text                                    0x08000144   Section        0  memcpya.o(.text)
    .text                                    0x08000168   Section        0  memseta.o(.text)
    .text                                    0x0800018c   Section        0  strstr.o(.text)
    .text                                    0x080001b0   Section        0  strlen.o(.text)
    .text                                    0x080001be   Section        0  strcpy.o(.text)
    .text                                    0x080001d0   Section        0  __0sscanf.o(.text)
    .text                                    0x08000208   Section        0  _scanf_int.o(.text)
    .text                                    0x08000354   Section        0  scanf_fp.o(.text)
    _fp_value                                0x08000355   Thumb Code   296  scanf_fp.o(.text)
    .text                                    0x080006b4   Section        0  fadd.o(.text)
    .text                                    0x08000764   Section        0  fmul.o(.text)
    .text                                    0x080007c8   Section        0  fdiv.o(.text)
    .text                                    0x08000844   Section        0  dadd.o(.text)
    .text                                    0x08000992   Section        0  dmul.o(.text)
    .text                                    0x08000a76   Section        0  ddiv.o(.text)
    .text                                    0x08000b54   Section        0  dflti.o(.text)
    .text                                    0x08000b76   Section        0  ffixi.o(.text)
    .text                                    0x08000ba8   Section        0  f2d.o(.text)
    .text                                    0x08000bce   Section        0  d2f.o(.text)
    .text                                    0x08000c06   Section        0  uidiv.o(.text)
    .text                                    0x08000c32   Section        0  uldiv.o(.text)
    .text                                    0x08000c94   Section        0  llshl.o(.text)
    .text                                    0x08000cb2   Section        0  llsshr.o(.text)
    .text                                    0x08000cd6   Section        0  _chval.o(.text)
    .text                                    0x08000cf4   Section        0  scanf_char.o(.text)
    _scanf_char_input                        0x08000cf5   Thumb Code    12  scanf_char.o(.text)
    .text                                    0x08000d1c   Section        0  _sgetc.o(.text)
    .text                                    0x08000d5c   Section        0  fepilogue.o(.text)
    .text                                    0x08000d5c   Section        0  iusefp.o(.text)
    .text                                    0x08000dca   Section        0  frnd.o(.text)
    .text                                    0x08000e06   Section        0  depilogue.o(.text)
    .text                                    0x08000ec0   Section        0  dfltul.o(.text)
    .text                                    0x08000ed8   Section        0  dfixul.o(.text)
    .text                                    0x08000f08   Section       48  cdrcmple.o(.text)
    .text                                    0x08000f38   Section       36  init.o(.text)
    .text                                    0x08000f5c   Section        0  isspace_c.o(.text)
    .text                                    0x08000f68   Section        0  _scanf.o(.text)
    .text                                    0x08001294   Section        0  ctype_c.o(.text)
    i.BusFault_Handler                       0x080012bc   Section        0  stm32f1xx_it.o(i.BusFault_Handler)
    i.DMA1_Channel5_IRQHandler               0x080012c0   Section        0  stm32f1xx_it.o(i.DMA1_Channel5_IRQHandler)
    i.DMA1_Channel6_IRQHandler               0x080012cc   Section        0  stm32f1xx_it.o(i.DMA1_Channel6_IRQHandler)
    i.DMA_SetConfig                          0x080012d8   Section        0  stm32f1xx_hal_dma.o(i.DMA_SetConfig)
    DMA_SetConfig                            0x080012d9   Thumb Code    42  stm32f1xx_hal_dma.o(i.DMA_SetConfig)
    i.DebugMon_Handler                       0x08001302   Section        0  stm32f1xx_it.o(i.DebugMon_Handler)
    i.Error_Handler                          0x08001304   Section        0  main.o(i.Error_Handler)
    i.HAL_DMA_IRQHandler                     0x08001308   Section        0  stm32f1xx_hal_dma.o(i.HAL_DMA_IRQHandler)
    i.HAL_DMA_Init                           0x0800145c   Section        0  stm32f1xx_hal_dma.o(i.HAL_DMA_Init)
    i.HAL_DMA_Start_IT                       0x080014b8   Section        0  stm32f1xx_hal_dma.o(i.HAL_DMA_Start_IT)
    i.HAL_Delay                              0x08001528   Section        0  stm32f1xx_hal.o(i.HAL_Delay)
    i.HAL_GPIO_Init                          0x0800154c   Section        0  stm32f1xx_hal_gpio.o(i.HAL_GPIO_Init)
    i.HAL_GPIO_WritePin                      0x0800172c   Section        0  stm32f1xx_hal_gpio.o(i.HAL_GPIO_WritePin)
    i.HAL_GetTick                            0x08001738   Section        0  stm32f1xx_hal.o(i.HAL_GetTick)
    i.HAL_I2C_Init                           0x08001744   Section        0  stm32f1xx_hal_i2c.o(i.HAL_I2C_Init)
    i.HAL_I2C_MspInit                        0x080018cc   Section        0  stm32f1xx_hal_msp.o(i.HAL_I2C_MspInit)
    i.HAL_IncTick                            0x08001928   Section        0  stm32f1xx_hal.o(i.HAL_IncTick)
    i.HAL_Init                               0x08001938   Section        0  stm32f1xx_hal.o(i.HAL_Init)
    i.HAL_InitTick                           0x0800195c   Section        0  stm32f1xx_hal.o(i.HAL_InitTick)
    i.HAL_MspInit                            0x0800199c   Section        0  stm32f1xx_hal_msp.o(i.HAL_MspInit)
    i.HAL_NVIC_EnableIRQ                     0x080019d8   Section        0  stm32f1xx_hal_cortex.o(i.HAL_NVIC_EnableIRQ)
    i.HAL_NVIC_SetPriority                   0x080019f4   Section        0  stm32f1xx_hal_cortex.o(i.HAL_NVIC_SetPriority)
    i.HAL_NVIC_SetPriorityGrouping           0x08001a34   Section        0  stm32f1xx_hal_cortex.o(i.HAL_NVIC_SetPriorityGrouping)
    i.HAL_RCC_ClockConfig                    0x08001a58   Section        0  stm32f1xx_hal_rcc.o(i.HAL_RCC_ClockConfig)
    i.HAL_RCC_GetPCLK1Freq                   0x08001b84   Section        0  stm32f1xx_hal_rcc.o(i.HAL_RCC_GetPCLK1Freq)
    i.HAL_RCC_GetPCLK2Freq                   0x08001ba4   Section        0  stm32f1xx_hal_rcc.o(i.HAL_RCC_GetPCLK2Freq)
    i.HAL_RCC_GetSysClockFreq                0x08001bc4   Section        0  stm32f1xx_hal_rcc.o(i.HAL_RCC_GetSysClockFreq)
    i.HAL_RCC_OscConfig                      0x08001c30   Section        0  stm32f1xx_hal_rcc.o(i.HAL_RCC_OscConfig)
    i.HAL_SPI_Init                           0x08001f50   Section        0  stm32f1xx_hal_spi.o(i.HAL_SPI_Init)
    i.HAL_SPI_MspInit                        0x08002004   Section        0  stm32f1xx_hal_msp.o(i.HAL_SPI_MspInit)
    i.HAL_SPI_Receive                        0x08002074   Section        0  stm32f1xx_hal_spi.o(i.HAL_SPI_Receive)
    i.HAL_SPI_Transmit                       0x080021ce   Section        0  stm32f1xx_hal_spi.o(i.HAL_SPI_Transmit)
    i.HAL_SPI_TransmitReceive                0x08002334   Section        0  stm32f1xx_hal_spi.o(i.HAL_SPI_TransmitReceive)
    i.HAL_SYSTICK_Config                     0x08002516   Section        0  stm32f1xx_hal_cortex.o(i.HAL_SYSTICK_Config)
    i.HAL_UARTEx_RxEventCallback             0x0800253e   Section        0  stm32f1xx_hal_uart.o(i.HAL_UARTEx_RxEventCallback)
    i.HAL_UART_ErrorCallback                 0x08002540   Section        0  stm32f1xx_hal_uart.o(i.HAL_UART_ErrorCallback)
    i.HAL_UART_Init                          0x08002542   Section        0  stm32f1xx_hal_uart.o(i.HAL_UART_Init)
    i.HAL_UART_MspInit                       0x080025a4   Section        0  stm32f1xx_hal_msp.o(i.HAL_UART_MspInit)
    i.HAL_UART_Receive_DMA                   0x080026bc   Section        0  stm32f1xx_hal_uart.o(i.HAL_UART_Receive_DMA)
    i.HAL_UART_RxCpltCallback                0x080026e8   Section        0  main.o(i.HAL_UART_RxCpltCallback)
    i.HAL_UART_RxHalfCpltCallback            0x08002a04   Section        0  stm32f1xx_hal_uart.o(i.HAL_UART_RxHalfCpltCallback)
    i.HAL_UART_Transmit                      0x08002a08   Section        0  stm32f1xx_hal_uart.o(i.HAL_UART_Transmit)
    i.HardFault_Handler                      0x08002aba   Section        0  stm32f1xx_it.o(i.HardFault_Handler)
    i.MX_GPIO_Init                           0x08002abc   Section        0  main.o(i.MX_GPIO_Init)
    MX_GPIO_Init                             0x08002abd   Thumb Code   118  main.o(i.MX_GPIO_Init)
    i.MX_SPI1_Init                           0x08002b40   Section        0  main.o(i.MX_SPI1_Init)
    MX_SPI1_Init                             0x08002b41   Thumb Code    46  main.o(i.MX_SPI1_Init)
    i.MemManage_Handler                      0x08002b78   Section        0  stm32f1xx_it.o(i.MemManage_Handler)
    i.NMI_Handler                            0x08002b7a   Section        0  stm32f1xx_it.o(i.NMI_Handler)
    i.NRF24_ACTIVATE_cmd                     0x08002b7c   Section        0  my_nrf24.o(i.NRF24_ACTIVATE_cmd)
    i.NRF24_DelayMicroSeconds                0x08002ba8   Section        0  my_nrf24.o(i.NRF24_DelayMicroSeconds)
    i.NRF24_availablePipe                    0x08002bc4   Section        0  my_nrf24.o(i.NRF24_availablePipe)
    i.NRF24_begin                            0x08002bf4   Section        0  my_nrf24.o(i.NRF24_begin)
    i.NRF24_ce                               0x08002d80   Section        0  my_nrf24.o(i.NRF24_ce)
    i.NRF24_csn                              0x08002d94   Section        0  my_nrf24.o(i.NRF24_csn)
    i.NRF24_disableDynamicPayloads           0x08002da8   Section        0  my_nrf24.o(i.NRF24_disableDynamicPayloads)
    i.NRF24_enableAckPayload                 0x08002dd0   Section        0  my_nrf24.o(i.NRF24_enableAckPayload)
    i.NRF24_enableDynamicPayloads            0x08002e14   Section        0  my_nrf24.o(i.NRF24_enableDynamicPayloads)
    i.NRF24_flush_rx                         0x08002e60   Section        0  my_nrf24.o(i.NRF24_flush_rx)
    i.NRF24_flush_tx                         0x08002e68   Section        0  my_nrf24.o(i.NRF24_flush_tx)
    i.NRF24_getDynamicPayloadSize            0x08002e70   Section        0  my_nrf24.o(i.NRF24_getDynamicPayloadSize)
    i.NRF24_get_status                       0x08002e76   Section        0  my_nrf24.o(i.NRF24_get_status)
    i.NRF24_openWritingPipe                  0x08002e7c   Section        0  my_nrf24.o(i.NRF24_openWritingPipe)
    i.NRF24_powerDown                        0x08002ea8   Section        0  my_nrf24.o(i.NRF24_powerDown)
    i.NRF24_read_register                    0x08002ec0   Section        0  my_nrf24.o(i.NRF24_read_register)
    i.NRF24_read_registerN                   0x08002f00   Section        0  my_nrf24.o(i.NRF24_read_registerN)
    i.NRF24_resetStatus                      0x08002f3c   Section        0  my_nrf24.o(i.NRF24_resetStatus)
    i.NRF24_setAutoAck                       0x08002f44   Section        0  my_nrf24.o(i.NRF24_setAutoAck)
    i.NRF24_setCRCLength                     0x08002f52   Section        0  my_nrf24.o(i.NRF24_setCRCLength)
    i.NRF24_setChannel                       0x08002f7a   Section        0  my_nrf24.o(i.NRF24_setChannel)
    i.NRF24_setDataRate                      0x08002f88   Section        0  my_nrf24.o(i.NRF24_setDataRate)
    i.NRF24_setPALevel                       0x08002fe4   Section        0  my_nrf24.o(i.NRF24_setPALevel)
    i.NRF24_setPayloadSize                   0x08003020   Section        0  my_nrf24.o(i.NRF24_setPayloadSize)
    i.NRF24_setRetries                       0x08003030   Section        0  my_nrf24.o(i.NRF24_setRetries)
    i.NRF24_startWrite                       0x0800303e   Section        0  my_nrf24.o(i.NRF24_startWrite)
    i.NRF24_stopListening                    0x08003088   Section        0  my_nrf24.o(i.NRF24_stopListening)
    i.NRF24_whatHappened                     0x0800309c   Section        0  my_nrf24.o(i.NRF24_whatHappened)
    i.NRF24_write                            0x080030d0   Section        0  my_nrf24.o(i.NRF24_write)
    i.NRF24_write_payload                    0x08003134   Section        0  my_nrf24.o(i.NRF24_write_payload)
    i.NRF24_write_register                   0x0800316c   Section        0  my_nrf24.o(i.NRF24_write_register)
    i.NRF24_write_registerN                  0x0800319c   Section        0  my_nrf24.o(i.NRF24_write_registerN)
    i.PendSV_Handler                         0x080031d8   Section        0  stm32f1xx_it.o(i.PendSV_Handler)
    i.SPI_EndRxTransaction                   0x080031da   Section        0  stm32f1xx_hal_spi.o(i.SPI_EndRxTransaction)
    SPI_EndRxTransaction                     0x080031db   Thumb Code    92  stm32f1xx_hal_spi.o(i.SPI_EndRxTransaction)
    i.SPI_EndRxTxTransaction                 0x08003236   Section        0  stm32f1xx_hal_spi.o(i.SPI_EndRxTxTransaction)
    SPI_EndRxTxTransaction                   0x08003237   Thumb Code    32  stm32f1xx_hal_spi.o(i.SPI_EndRxTxTransaction)
    i.SPI_WaitFlagStateUntilTimeout          0x08003258   Section        0  stm32f1xx_hal_spi.o(i.SPI_WaitFlagStateUntilTimeout)
    SPI_WaitFlagStateUntilTimeout            0x08003259   Thumb Code   180  stm32f1xx_hal_spi.o(i.SPI_WaitFlagStateUntilTimeout)
    i.SVC_Handler                            0x08003310   Section        0  stm32f1xx_it.o(i.SVC_Handler)
    i.SysTick_Handler                        0x08003312   Section        0  stm32f1xx_it.o(i.SysTick_Handler)
    i.SystemClock_Config                     0x08003316   Section        0  main.o(i.SystemClock_Config)
    i.SystemInit                             0x08003364   Section        0  system_stm32f1xx.o(i.SystemInit)
    i.UART_DMAError                          0x08003366   Section        0  stm32f1xx_hal_uart.o(i.UART_DMAError)
    UART_DMAError                            0x08003367   Thumb Code    74  stm32f1xx_hal_uart.o(i.UART_DMAError)
    i.UART_DMAReceiveCplt                    0x080033b0   Section        0  stm32f1xx_hal_uart.o(i.UART_DMAReceiveCplt)
    UART_DMAReceiveCplt                      0x080033b1   Thumb Code    90  stm32f1xx_hal_uart.o(i.UART_DMAReceiveCplt)
    i.UART_DMARxHalfCplt                     0x0800340a   Section        0  stm32f1xx_hal_uart.o(i.UART_DMARxHalfCplt)
    UART_DMARxHalfCplt                       0x0800340b   Thumb Code    26  stm32f1xx_hal_uart.o(i.UART_DMARxHalfCplt)
    i.UART_EndRxTransfer                     0x08003424   Section        0  stm32f1xx_hal_uart.o(i.UART_EndRxTransfer)
    UART_EndRxTransfer                       0x08003425   Thumb Code    48  stm32f1xx_hal_uart.o(i.UART_EndRxTransfer)
    i.UART_EndTxTransfer                     0x08003454   Section        0  stm32f1xx_hal_uart.o(i.UART_EndTxTransfer)
    UART_EndTxTransfer                       0x08003455   Thumb Code    18  stm32f1xx_hal_uart.o(i.UART_EndTxTransfer)
    i.UART_SetConfig                         0x08003468   Section        0  stm32f1xx_hal_uart.o(i.UART_SetConfig)
    UART_SetConfig                           0x08003469   Thumb Code   178  stm32f1xx_hal_uart.o(i.UART_SetConfig)
    i.UART_Start_Receive_DMA                 0x08003520   Section        0  stm32f1xx_hal_uart.o(i.UART_Start_Receive_DMA)
    i.UART_WaitOnFlagUntilTimeout            0x08003590   Section        0  stm32f1xx_hal_uart.o(i.UART_WaitOnFlagUntilTimeout)
    UART_WaitOnFlagUntilTimeout              0x08003591   Thumb Code   100  stm32f1xx_hal_uart.o(i.UART_WaitOnFlagUntilTimeout)
    i.UsageFault_Handler                     0x080035f4   Section        0  stm32f1xx_it.o(i.UsageFault_Handler)
    i.__0sprintf                             0x080035f8   Section        0  printfa.o(i.__0sprintf)
    i.__NVIC_SetPriority                     0x08003620   Section        0  stm32f1xx_hal_cortex.o(i.__NVIC_SetPriority)
    __NVIC_SetPriority                       0x08003621   Thumb Code    32  stm32f1xx_hal_cortex.o(i.__NVIC_SetPriority)
    i.__scatterload_copy                     0x08003640   Section       14  handlers.o(i.__scatterload_copy)
    i.__scatterload_null                     0x0800364e   Section        2  handlers.o(i.__scatterload_null)
    i.__scatterload_zeroinit                 0x08003650   Section       14  handlers.o(i.__scatterload_zeroinit)
    i._fp_digits                             0x08003660   Section        0  printfa.o(i._fp_digits)
    _fp_digits                               0x08003661   Thumb Code   366  printfa.o(i._fp_digits)
    i._is_digit                              0x080037e4   Section        0  scanf_fp.o(i._is_digit)
    i._printf_core                           0x080037f4   Section        0  printfa.o(i._printf_core)
    _printf_core                             0x080037f5   Thumb Code  1744  printfa.o(i._printf_core)
    i._printf_post_padding                   0x08003ed0   Section        0  printfa.o(i._printf_post_padding)
    _printf_post_padding                     0x08003ed1   Thumb Code    36  printfa.o(i._printf_post_padding)
    i._printf_pre_padding                    0x08003ef4   Section        0  printfa.o(i._printf_pre_padding)
    _printf_pre_padding                      0x08003ef5   Thumb Code    46  printfa.o(i._printf_pre_padding)
    i._sputc                                 0x08003f22   Section        0  printfa.o(i._sputc)
    _sputc                                   0x08003f23   Thumb Code    10  printfa.o(i._sputc)
    i.main                                   0x08003f2c   Section        0  main.o(i.main)
    i.nrf24_DebugUART_Init                   0x08004128   Section        0  my_nrf24.o(i.nrf24_DebugUART_Init)
    i.printRadioSettings                     0x08004140   Section        0  my_nrf24.o(i.printRadioSettings)
    i.roundf                                 0x08004910   Section        0  roundf.o(i.roundf)
    .constdata                               0x08004982   Section       16  system_stm32f1xx.o(.constdata)
    .constdata                               0x08004992   Section        8  system_stm32f1xx.o(.constdata)
    .constdata                               0x0800499a   Section       64  ctype_c.o(.constdata)
    .conststring                             0x080049dc   Section      218  my_nrf24.o(.conststring)
    .data                                    0x20000000   Section       72  main.o(.data)
    .data                                    0x20000048   Section       12  stm32f1xx_hal.o(.data)
    .data                                    0x20000054   Section        4  system_stm32f1xx.o(.data)
    .data                                    0x20000058   Section       24  my_nrf24.o(.data)
    ack_payload_available                    0x20000058   Data           1  my_nrf24.o(.data)
    ack_payload_length                       0x20000059   Data           1  my_nrf24.o(.data)
    payload_size                             0x2000005a   Data           1  my_nrf24.o(.data)
    dynamic_payloads_enabled                 0x2000005b   Data           1  my_nrf24.o(.data)
    p_variant                                0x2000005c   Data           1  my_nrf24.o(.data)
    wide_band                                0x2000005d   Data           1  my_nrf24.o(.data)
    nrf24_CSN_PIN                            0x2000005e   Data           2  my_nrf24.o(.data)
    nrf24_CE_PIN                             0x20000060   Data           2  my_nrf24.o(.data)
    nrf24_PORT                               0x20000064   Data           4  my_nrf24.o(.data)
    pipe0_reading_address                    0x20000068   Data           8  my_nrf24.o(.data)
    .bss                                     0x20000070   Section     2502  main.o(.bss)
    .bss                                     0x20000a38   Section       68  main.o(.bss)
    .bss                                     0x20000a7c   Section       68  main.o(.bss)
    .bss                                     0x20000ac0   Section      156  my_nrf24.o(.bss)
    nrf24_hspi                               0x20000ac0   Data          88  my_nrf24.o(.bss)
    nrf24_huart                              0x20000b18   Data          68  my_nrf24.o(.bss)
    STACK                                    0x20000b60   Section     1024  startup_stm32f103xb.o(STACK)

    Global Symbols

    Symbol Name                              Value     Ov Type        Size  Object(Section)

    BuildAttributes$$THM_ISAv4$P$D$K$B$S$PE$A:L22UL41UL21$X:L11$S22US41US21$IEEE1$IW$USESV6$~STKCKD$USESV7$~SHL$OTIME$ROPI$IEEEJ$EBA8$MICROLIB$REQ8$PRES8$EABIv2 0x00000000   Number         0  anon$$obj.o ABSOLUTE
    __ARM_use_no_argv                        0x00000000   Number         0  main.o ABSOLUTE
    _printf_a                                0x00000000   Number         0  stubs.o ABSOLUTE
    _printf_c                                0x00000000   Number         0  stubs.o ABSOLUTE
    _printf_charcount                        0x00000000   Number         0  stubs.o ABSOLUTE
    _printf_d                                0x00000000   Number         0  stubs.o ABSOLUTE
    _printf_e                                0x00000000   Number         0  stubs.o ABSOLUTE
    _printf_f                                0x00000000   Number         0  stubs.o ABSOLUTE
    _printf_flags                            0x00000000   Number         0  stubs.o ABSOLUTE
    _printf_fp_dec                           0x00000000   Number         0  stubs.o ABSOLUTE
    _printf_fp_hex                           0x00000000   Number         0  stubs.o ABSOLUTE
    _printf_g                                0x00000000   Number         0  stubs.o ABSOLUTE
    _printf_i                                0x00000000   Number         0  stubs.o ABSOLUTE
    _printf_int_dec                          0x00000000   Number         0  stubs.o ABSOLUTE
    _printf_l                                0x00000000   Number         0  stubs.o ABSOLUTE
    _printf_lc                               0x00000000   Number         0  stubs.o ABSOLUTE
    _printf_ll                               0x00000000   Number         0  stubs.o ABSOLUTE
    _printf_lld                              0x00000000   Number         0  stubs.o ABSOLUTE
    _printf_lli                              0x00000000   Number         0  stubs.o ABSOLUTE
    _printf_llo                              0x00000000   Number         0  stubs.o ABSOLUTE
    _printf_llu                              0x00000000   Number         0  stubs.o ABSOLUTE
    _printf_llx                              0x00000000   Number         0  stubs.o ABSOLUTE
    _printf_longlong_dec                     0x00000000   Number         0  stubs.o ABSOLUTE
    _printf_longlong_hex                     0x00000000   Number         0  stubs.o ABSOLUTE
    _printf_longlong_oct                     0x00000000   Number         0  stubs.o ABSOLUTE
    _printf_ls                               0x00000000   Number         0  stubs.o ABSOLUTE
    _printf_mbtowc                           0x00000000   Number         0  stubs.o ABSOLUTE
    _printf_n                                0x00000000   Number         0  stubs.o ABSOLUTE
    _printf_o                                0x00000000   Number         0  stubs.o ABSOLUTE
    _printf_p                                0x00000000   Number         0  stubs.o ABSOLUTE
    _printf_percent                          0x00000000   Number         0  stubs.o ABSOLUTE
    _printf_pre_padding                      0x00000000   Number         0  stubs.o ABSOLUTE
    _printf_return_value                     0x00000000   Number         0  stubs.o ABSOLUTE
    _printf_s                                0x00000000   Number         0  stubs.o ABSOLUTE
    _printf_sizespec                         0x00000000   Number         0  stubs.o ABSOLUTE
    _printf_str                              0x00000000   Number         0  stubs.o ABSOLUTE
    _printf_truncate_signed                  0x00000000   Number         0  stubs.o ABSOLUTE
    _printf_truncate_unsigned                0x00000000   Number         0  stubs.o ABSOLUTE
    _printf_u                                0x00000000   Number         0  stubs.o ABSOLUTE
    _printf_wc                               0x00000000   Number         0  stubs.o ABSOLUTE
    _printf_wctomb                           0x00000000   Number         0  stubs.o ABSOLUTE
    _printf_widthprec                        0x00000000   Number         0  stubs.o ABSOLUTE
    _printf_x                                0x00000000   Number         0  stubs.o ABSOLUTE
    __cpp_initialize__aeabi_                  - Undefined Weak Reference
    __cxa_finalize                            - Undefined Weak Reference
    __decompress                              - Undefined Weak Reference
    _clock_init                               - Undefined Weak Reference
    _microlib_exit                            - Undefined Weak Reference
    _scanf_longlong                           - Undefined Weak Reference
    _scanf_string                             - Undefined Weak Reference
    __Vectors_Size                           0x000000ec   Number         0  startup_stm32f103xb.o ABSOLUTE
    __Vectors                                0x08000000   Data           4  startup_stm32f103xb.o(RESET)
    __Vectors_End                            0x080000ec   Data           0  startup_stm32f103xb.o(RESET)
    __main                                   0x080000ed   Thumb Code     0  entry.o(.ARM.Collect$$$$00000000)
    _main_stk                                0x080000ed   Thumb Code     0  entry2.o(.ARM.Collect$$$$00000001)
    _main_scatterload                        0x080000f1   Thumb Code     0  entry5.o(.ARM.Collect$$$$00000004)
    __main_after_scatterload                 0x080000f5   Thumb Code     0  entry5.o(.ARM.Collect$$$$00000004)
    _main_clock                              0x080000f5   Thumb Code     0  entry7b.o(.ARM.Collect$$$$00000008)
    _main_cpp_init                           0x080000f5   Thumb Code     0  entry8b.o(.ARM.Collect$$$$0000000A)
    _main_init                               0x080000f5   Thumb Code     0  entry9a.o(.ARM.Collect$$$$0000000B)
    __rt_final_cpp                           0x080000fd   Thumb Code     0  entry10a.o(.ARM.Collect$$$$0000000D)
    __rt_final_exit                          0x080000fd   Thumb Code     0  entry11a.o(.ARM.Collect$$$$0000000F)
    Reset_Handler                            0x08000101   Thumb Code     8  startup_stm32f103xb.o(.text)
    ADC1_2_IRQHandler                        0x0800011b   Thumb Code     0  startup_stm32f103xb.o(.text)
    CAN1_RX1_IRQHandler                      0x0800011b   Thumb Code     0  startup_stm32f103xb.o(.text)
    CAN1_SCE_IRQHandler                      0x0800011b   Thumb Code     0  startup_stm32f103xb.o(.text)
    DMA1_Channel1_IRQHandler                 0x0800011b   Thumb Code     0  startup_stm32f103xb.o(.text)
    DMA1_Channel2_IRQHandler                 0x0800011b   Thumb Code     0  startup_stm32f103xb.o(.text)
    DMA1_Channel3_IRQHandler                 0x0800011b   Thumb Code     0  startup_stm32f103xb.o(.text)
    DMA1_Channel4_IRQHandler                 0x0800011b   Thumb Code     0  startup_stm32f103xb.o(.text)
    DMA1_Channel7_IRQHandler                 0x0800011b   Thumb Code     0  startup_stm32f103xb.o(.text)
    EXTI0_IRQHandler                         0x0800011b   Thumb Code     0  startup_stm32f103xb.o(.text)
    EXTI15_10_IRQHandler                     0x0800011b   Thumb Code     0  startup_stm32f103xb.o(.text)
    EXTI1_IRQHandler                         0x0800011b   Thumb Code     0  startup_stm32f103xb.o(.text)
    EXTI2_IRQHandler                         0x0800011b   Thumb Code     0  startup_stm32f103xb.o(.text)
    EXTI3_IRQHandler                         0x0800011b   Thumb Code     0  startup_stm32f103xb.o(.text)
    EXTI4_IRQHandler                         0x0800011b   Thumb Code     0  startup_stm32f103xb.o(.text)
    EXTI9_5_IRQHandler                       0x0800011b   Thumb Code     0  startup_stm32f103xb.o(.text)
    FLASH_IRQHandler                         0x0800011b   Thumb Code     0  startup_stm32f103xb.o(.text)
    I2C1_ER_IRQHandler                       0x0800011b   Thumb Code     0  startup_stm32f103xb.o(.text)
    I2C1_EV_IRQHandler                       0x0800011b   Thumb Code     0  startup_stm32f103xb.o(.text)
    I2C2_ER_IRQHandler                       0x0800011b   Thumb Code     0  startup_stm32f103xb.o(.text)
    I2C2_EV_IRQHandler                       0x0800011b   Thumb Code     0  startup_stm32f103xb.o(.text)
    PVD_IRQHandler                           0x0800011b   Thumb Code     0  startup_stm32f103xb.o(.text)
    RCC_IRQHandler                           0x0800011b   Thumb Code     0  startup_stm32f103xb.o(.text)
    RTC_Alarm_IRQHandler                     0x0800011b   Thumb Code     0  startup_stm32f103xb.o(.text)
    RTC_IRQHandler                           0x0800011b   Thumb Code     0  startup_stm32f103xb.o(.text)
    SPI1_IRQHandler                          0x0800011b   Thumb Code     0  startup_stm32f103xb.o(.text)
    SPI2_IRQHandler                          0x0800011b   Thumb Code     0  startup_stm32f103xb.o(.text)
    TAMPER_IRQHandler                        0x0800011b   Thumb Code     0  startup_stm32f103xb.o(.text)
    TIM1_BRK_IRQHandler                      0x0800011b   Thumb Code     0  startup_stm32f103xb.o(.text)
    TIM1_CC_IRQHandler                       0x0800011b   Thumb Code     0  startup_stm32f103xb.o(.text)
    TIM1_TRG_COM_IRQHandler                  0x0800011b   Thumb Code     0  startup_stm32f103xb.o(.text)
    TIM1_UP_IRQHandler                       0x0800011b   Thumb Code     0  startup_stm32f103xb.o(.text)
    TIM2_IRQHandler                          0x0800011b   Thumb Code     0  startup_stm32f103xb.o(.text)
    TIM3_IRQHandler                          0x0800011b   Thumb Code     0  startup_stm32f103xb.o(.text)
    TIM4_IRQHandler                          0x0800011b   Thumb Code     0  startup_stm32f103xb.o(.text)
    USART1_IRQHandler                        0x0800011b   Thumb Code     0  startup_stm32f103xb.o(.text)
    USART2_IRQHandler                        0x0800011b   Thumb Code     0  startup_stm32f103xb.o(.text)
    USART3_IRQHandler                        0x0800011b   Thumb Code     0  startup_stm32f103xb.o(.text)
    USBWakeUp_IRQHandler                     0x0800011b   Thumb Code     0  startup_stm32f103xb.o(.text)
    USB_HP_CAN1_TX_IRQHandler                0x0800011b   Thumb Code     0  startup_stm32f103xb.o(.text)
    USB_LP_CAN1_RX0_IRQHandler               0x0800011b   Thumb Code     0  startup_stm32f103xb.o(.text)
    WWDG_IRQHandler                          0x0800011b   Thumb Code     0  startup_stm32f103xb.o(.text)
    __aeabi_llsr                             0x08000125   Thumb Code    32  llushr.o(.text)
    _ll_ushift_r                             0x08000125   Thumb Code     0  llushr.o(.text)
    __aeabi_memcpy                           0x08000145   Thumb Code    36  memcpya.o(.text)
    __aeabi_memcpy4                          0x08000145   Thumb Code     0  memcpya.o(.text)
    __aeabi_memcpy8                          0x08000145   Thumb Code     0  memcpya.o(.text)
    __aeabi_memset                           0x08000169   Thumb Code    14  memseta.o(.text)
    __aeabi_memset4                          0x08000169   Thumb Code     0  memseta.o(.text)
    __aeabi_memset8                          0x08000169   Thumb Code     0  memseta.o(.text)
    __aeabi_memclr                           0x08000177   Thumb Code     4  memseta.o(.text)
    __aeabi_memclr4                          0x08000177   Thumb Code     0  memseta.o(.text)
    __aeabi_memclr8                          0x08000177   Thumb Code     0  memseta.o(.text)
    _memset$wrapper                          0x0800017b   Thumb Code    18  memseta.o(.text)
    strstr                                   0x0800018d   Thumb Code    36  strstr.o(.text)
    strlen                                   0x080001b1   Thumb Code    14  strlen.o(.text)
    strcpy                                   0x080001bf   Thumb Code    18  strcpy.o(.text)
    __0sscanf                                0x080001d1   Thumb Code    48  __0sscanf.o(.text)
    _scanf_int                               0x08000209   Thumb Code   332  _scanf_int.o(.text)
    _scanf_real                              0x0800047d   Thumb Code     0  scanf_fp.o(.text)
    _scanf_really_real                       0x0800047d   Thumb Code   556  scanf_fp.o(.text)
    __aeabi_fadd                             0x080006b5   Thumb Code   164  fadd.o(.text)
    __aeabi_fsub                             0x08000759   Thumb Code     6  fadd.o(.text)
    __aeabi_frsub                            0x0800075f   Thumb Code     6  fadd.o(.text)
    __aeabi_fmul                             0x08000765   Thumb Code   100  fmul.o(.text)
    __aeabi_fdiv                             0x080007c9   Thumb Code   124  fdiv.o(.text)
    __aeabi_dadd                             0x08000845   Thumb Code   322  dadd.o(.text)
    __aeabi_dsub                             0x08000987   Thumb Code     6  dadd.o(.text)
    __aeabi_drsub                            0x0800098d   Thumb Code     6  dadd.o(.text)
    __aeabi_dmul                             0x08000993   Thumb Code   228  dmul.o(.text)
    __aeabi_ddiv                             0x08000a77   Thumb Code   222  ddiv.o(.text)
    __aeabi_i2d                              0x08000b55   Thumb Code    34  dflti.o(.text)
    __aeabi_f2iz                             0x08000b77   Thumb Code    50  ffixi.o(.text)
    __aeabi_f2d                              0x08000ba9   Thumb Code    38  f2d.o(.text)
    __aeabi_d2f                              0x08000bcf   Thumb Code    56  d2f.o(.text)
    __aeabi_uidiv                            0x08000c07   Thumb Code     0  uidiv.o(.text)
    __aeabi_uidivmod                         0x08000c07   Thumb Code    44  uidiv.o(.text)
    __aeabi_uldivmod                         0x08000c33   Thumb Code    98  uldiv.o(.text)
    __aeabi_llsl                             0x08000c95   Thumb Code    30  llshl.o(.text)
    _ll_shift_l                              0x08000c95   Thumb Code     0  llshl.o(.text)
    __aeabi_lasr                             0x08000cb3   Thumb Code    36  llsshr.o(.text)
    _ll_sshift_r                             0x08000cb3   Thumb Code     0  llsshr.o(.text)
    _chval                                   0x08000cd7   Thumb Code    28  _chval.o(.text)
    __vfscanf_char                           0x08000d01   Thumb Code    20  scanf_char.o(.text)
    _sgetc                                   0x08000d1d   Thumb Code    30  _sgetc.o(.text)
    _sbackspace                              0x08000d3b   Thumb Code    34  _sgetc.o(.text)
    __I$use$fp                               0x08000d5d   Thumb Code     0  iusefp.o(.text)
    _float_round                             0x08000d5d   Thumb Code    18  fepilogue.o(.text)
    _float_epilogue                          0x08000d6f   Thumb Code    92  fepilogue.o(.text)
    _frnd                                    0x08000dcb   Thumb Code    60  frnd.o(.text)
    _double_round                            0x08000e07   Thumb Code    30  depilogue.o(.text)
    _double_epilogue                         0x08000e25   Thumb Code   156  depilogue.o(.text)
    __aeabi_ul2d                             0x08000ec1   Thumb Code    24  dfltul.o(.text)
    __aeabi_d2ulz                            0x08000ed9   Thumb Code    48  dfixul.o(.text)
    __aeabi_cdrcmple                         0x08000f09   Thumb Code    48  cdrcmple.o(.text)
    __scatterload                            0x08000f39   Thumb Code    28  init.o(.text)
    __scatterload_rt2                        0x08000f39   Thumb Code     0  init.o(.text)
    isspace                                  0x08000f5d   Thumb Code    10  isspace_c.o(.text)
    __vfscanf                                0x08000f69   Thumb Code   808  _scanf.o(.text)
    __ctype_lookup                           0x08001295   Thumb Code    34  ctype_c.o(.text)
    BusFault_Handler                         0x080012bd   Thumb Code     2  stm32f1xx_it.o(i.BusFault_Handler)
    DMA1_Channel5_IRQHandler                 0x080012c1   Thumb Code     6  stm32f1xx_it.o(i.DMA1_Channel5_IRQHandler)
    DMA1_Channel6_IRQHandler                 0x080012cd   Thumb Code     6  stm32f1xx_it.o(i.DMA1_Channel6_IRQHandler)
    DebugMon_Handler                         0x08001303   Thumb Code     2  stm32f1xx_it.o(i.DebugMon_Handler)
    Error_Handler                            0x08001305   Thumb Code     2  main.o(i.Error_Handler)
    HAL_DMA_IRQHandler                       0x08001309   Thumb Code   316  stm32f1xx_hal_dma.o(i.HAL_DMA_IRQHandler)
    HAL_DMA_Init                             0x0800145d   Thumb Code    84  stm32f1xx_hal_dma.o(i.HAL_DMA_Init)
    HAL_DMA_Start_IT                         0x080014b9   Thumb Code   112  stm32f1xx_hal_dma.o(i.HAL_DMA_Start_IT)
    HAL_Delay                                0x08001529   Thumb Code    32  stm32f1xx_hal.o(i.HAL_Delay)
    HAL_GPIO_Init                            0x0800154d   Thumb Code   446  stm32f1xx_hal_gpio.o(i.HAL_GPIO_Init)
    HAL_GPIO_WritePin                        0x0800172d   Thumb Code    10  stm32f1xx_hal_gpio.o(i.HAL_GPIO_WritePin)
    HAL_GetTick                              0x08001739   Thumb Code     6  stm32f1xx_hal.o(i.HAL_GetTick)
    HAL_I2C_Init                             0x08001745   Thumb Code   376  stm32f1xx_hal_i2c.o(i.HAL_I2C_Init)
    HAL_I2C_MspInit                          0x080018cd   Thumb Code    80  stm32f1xx_hal_msp.o(i.HAL_I2C_MspInit)
    HAL_IncTick                              0x08001929   Thumb Code    12  stm32f1xx_hal.o(i.HAL_IncTick)
    HAL_Init                                 0x08001939   Thumb Code    32  stm32f1xx_hal.o(i.HAL_Init)
    HAL_InitTick                             0x0800195d   Thumb Code    54  stm32f1xx_hal.o(i.HAL_InitTick)
    HAL_MspInit                              0x0800199d   Thumb Code    52  stm32f1xx_hal_msp.o(i.HAL_MspInit)
    HAL_NVIC_EnableIRQ                       0x080019d9   Thumb Code    26  stm32f1xx_hal_cortex.o(i.HAL_NVIC_EnableIRQ)
    HAL_NVIC_SetPriority                     0x080019f5   Thumb Code    60  stm32f1xx_hal_cortex.o(i.HAL_NVIC_SetPriority)
    HAL_NVIC_SetPriorityGrouping             0x08001a35   Thumb Code    26  stm32f1xx_hal_cortex.o(i.HAL_NVIC_SetPriorityGrouping)
    HAL_RCC_ClockConfig                      0x08001a59   Thumb Code   280  stm32f1xx_hal_rcc.o(i.HAL_RCC_ClockConfig)
    HAL_RCC_GetPCLK1Freq                     0x08001b85   Thumb Code    20  stm32f1xx_hal_rcc.o(i.HAL_RCC_GetPCLK1Freq)
    HAL_RCC_GetPCLK2Freq                     0x08001ba5   Thumb Code    20  stm32f1xx_hal_rcc.o(i.HAL_RCC_GetPCLK2Freq)
    HAL_RCC_GetSysClockFreq                  0x08001bc5   Thumb Code    74  stm32f1xx_hal_rcc.o(i.HAL_RCC_GetSysClockFreq)
    HAL_RCC_OscConfig                        0x08001c31   Thumb Code   778  stm32f1xx_hal_rcc.o(i.HAL_RCC_OscConfig)
    HAL_SPI_Init                             0x08001f51   Thumb Code   178  stm32f1xx_hal_spi.o(i.HAL_SPI_Init)
    HAL_SPI_MspInit                          0x08002005   Thumb Code    98  stm32f1xx_hal_msp.o(i.HAL_SPI_MspInit)
    HAL_SPI_Receive                          0x08002075   Thumb Code   346  stm32f1xx_hal_spi.o(i.HAL_SPI_Receive)
    HAL_SPI_Transmit                         0x080021cf   Thumb Code   358  stm32f1xx_hal_spi.o(i.HAL_SPI_Transmit)
    HAL_SPI_TransmitReceive                  0x08002335   Thumb Code   482  stm32f1xx_hal_spi.o(i.HAL_SPI_TransmitReceive)
    HAL_SYSTICK_Config                       0x08002517   Thumb Code    40  stm32f1xx_hal_cortex.o(i.HAL_SYSTICK_Config)
    HAL_UARTEx_RxEventCallback               0x0800253f   Thumb Code     2  stm32f1xx_hal_uart.o(i.HAL_UARTEx_RxEventCallback)
    HAL_UART_ErrorCallback                   0x08002541   Thumb Code     2  stm32f1xx_hal_uart.o(i.HAL_UART_ErrorCallback)
    HAL_UART_Init                            0x08002543   Thumb Code    98  stm32f1xx_hal_uart.o(i.HAL_UART_Init)
    HAL_UART_MspInit                         0x080025a5   Thumb Code   250  stm32f1xx_hal_msp.o(i.HAL_UART_MspInit)
    HAL_UART_Receive_DMA                     0x080026bd   Thumb Code    42  stm32f1xx_hal_uart.o(i.HAL_UART_Receive_DMA)
    HAL_UART_RxCpltCallback                  0x080026e9   Thumb Code   628  main.o(i.HAL_UART_RxCpltCallback)
    HAL_UART_RxHalfCpltCallback              0x08002a05   Thumb Code     2  stm32f1xx_hal_uart.o(i.HAL_UART_RxHalfCpltCallback)
    HAL_UART_Transmit                        0x08002a09   Thumb Code   178  stm32f1xx_hal_uart.o(i.HAL_UART_Transmit)
    HardFault_Handler                        0x08002abb   Thumb Code     2  stm32f1xx_it.o(i.HardFault_Handler)
    MemManage_Handler                        0x08002b79   Thumb Code     2  stm32f1xx_it.o(i.MemManage_Handler)
    NMI_Handler                              0x08002b7b   Thumb Code     2  stm32f1xx_it.o(i.NMI_Handler)
    NRF24_ACTIVATE_cmd                       0x08002b7d   Thumb Code    40  my_nrf24.o(i.NRF24_ACTIVATE_cmd)
    NRF24_DelayMicroSeconds                  0x08002ba9   Thumb Code    18  my_nrf24.o(i.NRF24_DelayMicroSeconds)
    NRF24_availablePipe                      0x08002bc5   Thumb Code    48  my_nrf24.o(i.NRF24_availablePipe)
    NRF24_begin                              0x08002bf5   Thumb Code   388  my_nrf24.o(i.NRF24_begin)
    NRF24_ce                                 0x08002d81   Thumb Code    16  my_nrf24.o(i.NRF24_ce)
    NRF24_csn                                0x08002d95   Thumb Code    16  my_nrf24.o(i.NRF24_csn)
    NRF24_disableDynamicPayloads             0x08002da9   Thumb Code    34  my_nrf24.o(i.NRF24_disableDynamicPayloads)
    NRF24_enableAckPayload                   0x08002dd1   Thumb Code    66  my_nrf24.o(i.NRF24_enableAckPayload)
    NRF24_enableDynamicPayloads              0x08002e15   Thumb Code    70  my_nrf24.o(i.NRF24_enableDynamicPayloads)
    NRF24_flush_rx                           0x08002e61   Thumb Code     8  my_nrf24.o(i.NRF24_flush_rx)
    NRF24_flush_tx                           0x08002e69   Thumb Code     8  my_nrf24.o(i.NRF24_flush_tx)
    NRF24_getDynamicPayloadSize              0x08002e71   Thumb Code     6  my_nrf24.o(i.NRF24_getDynamicPayloadSize)
    NRF24_get_status                         0x08002e77   Thumb Code     6  my_nrf24.o(i.NRF24_get_status)
    NRF24_openWritingPipe                    0x08002e7d   Thumb Code    40  my_nrf24.o(i.NRF24_openWritingPipe)
    NRF24_powerDown                          0x08002ea9   Thumb Code    22  my_nrf24.o(i.NRF24_powerDown)
    NRF24_read_register                      0x08002ec1   Thumb Code    58  my_nrf24.o(i.NRF24_read_register)
    NRF24_read_registerN                     0x08002f01   Thumb Code    54  my_nrf24.o(i.NRF24_read_registerN)
    NRF24_resetStatus                        0x08002f3d   Thumb Code     8  my_nrf24.o(i.NRF24_resetStatus)
    NRF24_setAutoAck                         0x08002f45   Thumb Code    14  my_nrf24.o(i.NRF24_setAutoAck)
    NRF24_setCRCLength                       0x08002f53   Thumb Code    40  my_nrf24.o(i.NRF24_setCRCLength)
    NRF24_setChannel                         0x08002f7b   Thumb Code    14  my_nrf24.o(i.NRF24_setChannel)
    NRF24_setDataRate                        0x08002f89   Thumb Code    86  my_nrf24.o(i.NRF24_setDataRate)
    NRF24_setPALevel                         0x08002fe5   Thumb Code    60  my_nrf24.o(i.NRF24_setPALevel)
    NRF24_setPayloadSize                     0x08003021   Thumb Code    12  my_nrf24.o(i.NRF24_setPayloadSize)
    NRF24_setRetries                         0x08003031   Thumb Code    14  my_nrf24.o(i.NRF24_setRetries)
    NRF24_startWrite                         0x0800303f   Thumb Code    74  my_nrf24.o(i.NRF24_startWrite)
    NRF24_stopListening                      0x08003089   Thumb Code    20  my_nrf24.o(i.NRF24_stopListening)
    NRF24_whatHappened                       0x0800309d   Thumb Code    50  my_nrf24.o(i.NRF24_whatHappened)
    NRF24_write                              0x080030d1   Thumb Code    94  my_nrf24.o(i.NRF24_write)
    NRF24_write_payload                      0x08003135   Thumb Code    50  my_nrf24.o(i.NRF24_write_payload)
    NRF24_write_register                     0x0800316d   Thumb Code    44  my_nrf24.o(i.NRF24_write_register)
    NRF24_write_registerN                    0x0800319d   Thumb Code    54  my_nrf24.o(i.NRF24_write_registerN)
    PendSV_Handler                           0x080031d9   Thumb Code     2  stm32f1xx_it.o(i.PendSV_Handler)
    SVC_Handler                              0x08003311   Thumb Code     2  stm32f1xx_it.o(i.SVC_Handler)
    SysTick_Handler                          0x08003313   Thumb Code     4  stm32f1xx_it.o(i.SysTick_Handler)
    SystemClock_Config                       0x08003317   Thumb Code    78  main.o(i.SystemClock_Config)
    SystemInit                               0x08003365   Thumb Code     2  system_stm32f1xx.o(i.SystemInit)
    UART_Start_Receive_DMA                   0x08003521   Thumb Code    98  stm32f1xx_hal_uart.o(i.UART_Start_Receive_DMA)
    UsageFault_Handler                       0x080035f5   Thumb Code     2  stm32f1xx_it.o(i.UsageFault_Handler)
    __0sprintf                               0x080035f9   Thumb Code    34  printfa.o(i.__0sprintf)
    __1sprintf                               0x080035f9   Thumb Code     0  printfa.o(i.__0sprintf)
    __2sprintf                               0x080035f9   Thumb Code     0  printfa.o(i.__0sprintf)
    __c89sprintf                             0x080035f9   Thumb Code     0  printfa.o(i.__0sprintf)
    sprintf                                  0x080035f9   Thumb Code     0  printfa.o(i.__0sprintf)
    __scatterload_copy                       0x08003641   Thumb Code    14  handlers.o(i.__scatterload_copy)
    __scatterload_null                       0x0800364f   Thumb Code     2  handlers.o(i.__scatterload_null)
    __scatterload_zeroinit                   0x08003651   Thumb Code    14  handlers.o(i.__scatterload_zeroinit)
    _is_digit                                0x080037e5   Thumb Code    14  scanf_fp.o(i._is_digit)
    main                                     0x08003f2d   Thumb Code   468  main.o(i.main)
    nrf24_DebugUART_Init                     0x08004129   Thumb Code    20  my_nrf24.o(i.nrf24_DebugUART_Init)
    printRadioSettings                       0x08004141   Thumb Code  1890  my_nrf24.o(i.printRadioSettings)
    roundf                                   0x08004911   Thumb Code   114  roundf.o(i.roundf)
    AHBPrescTable                            0x08004982   Data          16  system_stm32f1xx.o(.constdata)
    APBPrescTable                            0x08004992   Data           8  system_stm32f1xx.o(.constdata)
    __ctype_categories                       0x0800499a   Data          64  ctype_c.o(.constdata)
    Region$$Table$$Base                      0x08004ab8   Number         0  anon$$obj.o(Region$$Table)
    Region$$Table$$Limit                     0x08004ad8   Number         0  anon$$obj.o(Region$$Table)
    Latitude                                 0x20000000   Data           4  main.o(.data)
    Longitude                                0x20000004   Data           4  main.o(.data)
    Latitude1                                0x20000008   Data           4  main.o(.data)
    Longitude1                               0x2000000c   Data           4  main.o(.data)
    ptr                                      0x20000010   Data           4  main.o(.data)
    ptr2                                     0x20000014   Data           4  main.o(.data)
    time                                     0x20000018   Data           4  main.o(.data)
    time1                                    0x2000001c   Data           4  main.o(.data)
    Latitude_n                               0x20000020   Data           4  main.o(.data)
    Longitude_n                              0x20000024   Data           4  main.o(.data)
    fixflag                                  0x20000028   Data           4  main.o(.data)
    satelite                                 0x2000002c   Data           4  main.o(.data)
    meanofsea                                0x20000030   Data           4  main.o(.data)
    meanofsea1                               0x20000034   Data           4  main.o(.data)
    roundmeofse                              0x20000038   Data           4  main.o(.data)
    meanofs                                  0x2000003c   Data           4  main.o(.data)
    TxpipeAddrs                              0x20000040   Data           8  main.o(.data)
    uwTickFreq                               0x20000048   Data           1  stm32f1xx_hal.o(.data)
    uwTickPrio                               0x2000004c   Data           4  stm32f1xx_hal.o(.data)
    uwTick                                   0x20000050   Data           4  stm32f1xx_hal.o(.data)
    SystemCoreClock                          0x20000054   Data           4  system_stm32f1xx.o(.data)
    hi2c1                                    0x20000070   Data          84  main.o(.bss)
    hspi1                                    0x200000c4   Data          88  main.o(.bss)
    huart1                                   0x2000011c   Data          68  main.o(.bss)
    huart2                                   0x20000160   Data          68  main.o(.bss)
    DATA_arduinotostm                        0x200001a4   Data         200  main.o(.bss)
    Rx_Data                                  0x2000026c   Data         750  main.o(.bss)
    Tx1data                                  0x2000055a   Data         750  main.o(.bss)
    Tx2data                                  0x20000848   Data         200  main.o(.bss)
    GPS_Payyload                             0x20000910   Data         200  main.o(.bss)
    DRONE_Payyload                           0x200009d8   Data          30  main.o(.bss)
    GPS_Tx                                   0x200009f6   Data          32  main.o(.bss)
    GPS_Tx2                                  0x20000a16   Data          32  main.o(.bss)
    hdma_usart1_rx                           0x20000a38   Data          68  main.o(.bss)
    hdma_usart2_rx                           0x20000a7c   Data          68  main.o(.bss)
    __initial_sp                             0x20000f60   Data           0  startup_stm32f103xb.o(STACK)



==============================================================================

Memory Map of the image

  Image Entry point : 0x080000ed

  Load Region LR_IROM1 (Base: 0x08000000, Size: 0x00004b48, Max: 0x00010000, ABSOLUTE)

    Execution Region ER_IROM1 (Exec base: 0x08000000, Load base: 0x08000000, Size: 0x00004ad8, Max: 0x00010000, ABSOLUTE)

    Exec Addr    Load Addr    Size         Type   Attr      Idx    E Section Name        Object

    0x08000000   0x08000000   0x000000ec   Data   RO            3    RESET               startup_stm32f103xb.o
    0x080000ec   0x080000ec   0x00000000   Code   RO         2890  * .ARM.Collect$$$$00000000  mc_w.l(entry.o)
    0x080000ec   0x080000ec   0x00000004   Code   RO         3196    .ARM.Collect$$$$00000001  mc_w.l(entry2.o)
    0x080000f0   0x080000f0   0x00000004   Code   RO         3199    .ARM.Collect$$$$00000004  mc_w.l(entry5.o)
    0x080000f4   0x080000f4   0x00000000   Code   RO         3201    .ARM.Collect$$$$00000008  mc_w.l(entry7b.o)
    0x080000f4   0x080000f4   0x00000000   Code   RO         3203    .ARM.Collect$$$$0000000A  mc_w.l(entry8b.o)
    0x080000f4   0x080000f4   0x00000008   Code   RO         3204    .ARM.Collect$$$$0000000B  mc_w.l(entry9a.o)
    0x080000fc   0x080000fc   0x00000000   Code   RO         3206    .ARM.Collect$$$$0000000D  mc_w.l(entry10a.o)
    0x080000fc   0x080000fc   0x00000000   Code   RO         3208    .ARM.Collect$$$$0000000F  mc_w.l(entry11a.o)
    0x080000fc   0x080000fc   0x00000004   Code   RO         3197    .ARM.Collect$$$$00002712  mc_w.l(entry2.o)
    0x08000100   0x08000100   0x00000024   Code   RO            4    .text               startup_stm32f103xb.o
    0x08000124   0x08000124   0x00000020   Code   RO         2893    .text               mc_w.l(llushr.o)
    0x08000144   0x08000144   0x00000024   Code   RO         2895    .text               mc_w.l(memcpya.o)
    0x08000168   0x08000168   0x00000024   Code   RO         2897    .text               mc_w.l(memseta.o)
    0x0800018c   0x0800018c   0x00000024   Code   RO         2899    .text               mc_w.l(strstr.o)
    0x080001b0   0x080001b0   0x0000000e   Code   RO         2901    .text               mc_w.l(strlen.o)
    0x080001be   0x080001be   0x00000012   Code   RO         2903    .text               mc_w.l(strcpy.o)
    0x080001d0   0x080001d0   0x00000038   Code   RO         3168    .text               mc_w.l(__0sscanf.o)
    0x08000208   0x08000208   0x0000014c   Code   RO         3170    .text               mc_w.l(_scanf_int.o)
    0x08000354   0x08000354   0x00000360   Code   RO         3172    .text               mc_w.l(scanf_fp.o)
    0x080006b4   0x080006b4   0x000000b0   Code   RO         3176    .text               mf_w.l(fadd.o)
    0x08000764   0x08000764   0x00000064   Code   RO         3178    .text               mf_w.l(fmul.o)
    0x080007c8   0x080007c8   0x0000007c   Code   RO         3180    .text               mf_w.l(fdiv.o)
    0x08000844   0x08000844   0x0000014e   Code   RO         3182    .text               mf_w.l(dadd.o)
    0x08000992   0x08000992   0x000000e4   Code   RO         3184    .text               mf_w.l(dmul.o)
    0x08000a76   0x08000a76   0x000000de   Code   RO         3186    .text               mf_w.l(ddiv.o)
    0x08000b54   0x08000b54   0x00000022   Code   RO         3188    .text               mf_w.l(dflti.o)
    0x08000b76   0x08000b76   0x00000032   Code   RO         3190    .text               mf_w.l(ffixi.o)
    0x08000ba8   0x08000ba8   0x00000026   Code   RO         3192    .text               mf_w.l(f2d.o)
    0x08000bce   0x08000bce   0x00000038   Code   RO         3194    .text               mf_w.l(d2f.o)
    0x08000c06   0x08000c06   0x0000002c   Code   RO         3213    .text               mc_w.l(uidiv.o)
    0x08000c32   0x08000c32   0x00000062   Code   RO         3215    .text               mc_w.l(uldiv.o)
    0x08000c94   0x08000c94   0x0000001e   Code   RO         3217    .text               mc_w.l(llshl.o)
    0x08000cb2   0x08000cb2   0x00000024   Code   RO         3219    .text               mc_w.l(llsshr.o)
    0x08000cd6   0x08000cd6   0x0000001c   Code   RO         3221    .text               mc_w.l(_chval.o)
    0x08000cf2   0x08000cf2   0x00000002   PAD
    0x08000cf4   0x08000cf4   0x00000028   Code   RO         3223    .text               mc_w.l(scanf_char.o)
    0x08000d1c   0x08000d1c   0x00000040   Code   RO         3225    .text               mc_w.l(_sgetc.o)
    0x08000d5c   0x08000d5c   0x00000000   Code   RO         3227    .text               mc_w.l(iusefp.o)
    0x08000d5c   0x08000d5c   0x0000006e   Code   RO         3228    .text               mf_w.l(fepilogue.o)
    0x08000dca   0x08000dca   0x0000003c   Code   RO         3230    .text               mf_w.l(frnd.o)
    0x08000e06   0x08000e06   0x000000ba   Code   RO         3232    .text               mf_w.l(depilogue.o)
    0x08000ec0   0x08000ec0   0x00000018   Code   RO         3234    .text               mf_w.l(dfltul.o)
    0x08000ed8   0x08000ed8   0x00000030   Code   RO         3236    .text               mf_w.l(dfixul.o)
    0x08000f08   0x08000f08   0x00000030   Code   RO         3238    .text               mf_w.l(cdrcmple.o)
    0x08000f38   0x08000f38   0x00000024   Code   RO         3240    .text               mc_w.l(init.o)
    0x08000f5c   0x08000f5c   0x0000000a   Code   RO         3243    .text               mc_w.l(isspace_c.o)
    0x08000f66   0x08000f66   0x00000002   PAD
    0x08000f68   0x08000f68   0x0000032c   Code   RO         3245    .text               mc_w.l(_scanf.o)
    0x08001294   0x08001294   0x00000028   Code   RO         3248    .text               mc_w.l(ctype_c.o)
    0x080012bc   0x080012bc   0x00000002   Code   RO          208    i.BusFault_Handler  stm32f1xx_it.o
    0x080012be   0x080012be   0x00000002   PAD
    0x080012c0   0x080012c0   0x0000000c   Code   RO          209    i.DMA1_Channel5_IRQHandler  stm32f1xx_it.o
    0x080012cc   0x080012cc   0x0000000c   Code   RO          210    i.DMA1_Channel6_IRQHandler  stm32f1xx_it.o
    0x080012d8   0x080012d8   0x0000002a   Code   RO         1203    i.DMA_SetConfig     stm32f1xx_hal_dma.o
    0x08001302   0x08001302   0x00000002   Code   RO          211    i.DebugMon_Handler  stm32f1xx_it.o
    0x08001304   0x08001304   0x00000002   Code   RO           13    i.Error_Handler     main.o
    0x08001306   0x08001306   0x00000002   PAD
    0x08001308   0x08001308   0x00000154   Code   RO         1209    i.HAL_DMA_IRQHandler  stm32f1xx_hal_dma.o
    0x0800145c   0x0800145c   0x0000005c   Code   RO         1210    i.HAL_DMA_Init      stm32f1xx_hal_dma.o
    0x080014b8   0x080014b8   0x00000070   Code   RO         1214    i.HAL_DMA_Start_IT  stm32f1xx_hal_dma.o
    0x08001528   0x08001528   0x00000024   Code   RO          832    i.HAL_Delay         stm32f1xx_hal.o
    0x0800154c   0x0800154c   0x000001e0   Code   RO         1140    i.HAL_GPIO_Init     stm32f1xx_hal_gpio.o
    0x0800172c   0x0800172c   0x0000000a   Code   RO         1144    i.HAL_GPIO_WritePin  stm32f1xx_hal_gpio.o
    0x08001736   0x08001736   0x00000002   PAD
    0x08001738   0x08001738   0x0000000c   Code   RO          836    i.HAL_GetTick       stm32f1xx_hal.o
    0x08001744   0x08001744   0x00000188   Code   RO          404    i.HAL_I2C_Init      stm32f1xx_hal_i2c.o
    0x080018cc   0x080018cc   0x0000005c   Code   RO          297    i.HAL_I2C_MspInit   stm32f1xx_hal_msp.o
    0x08001928   0x08001928   0x00000010   Code   RO          842    i.HAL_IncTick       stm32f1xx_hal.o
    0x08001938   0x08001938   0x00000024   Code   RO          843    i.HAL_Init          stm32f1xx_hal.o
    0x0800195c   0x0800195c   0x00000040   Code   RO          844    i.HAL_InitTick      stm32f1xx_hal.o
    0x0800199c   0x0800199c   0x0000003c   Code   RO          298    i.HAL_MspInit       stm32f1xx_hal_msp.o
    0x080019d8   0x080019d8   0x0000001a   Code   RO         1300    i.HAL_NVIC_EnableIRQ  stm32f1xx_hal_cortex.o
    0x080019f2   0x080019f2   0x00000002   PAD
    0x080019f4   0x080019f4   0x00000040   Code   RO         1306    i.HAL_NVIC_SetPriority  stm32f1xx_hal_cortex.o
    0x08001a34   0x08001a34   0x00000024   Code   RO         1307    i.HAL_NVIC_SetPriorityGrouping  stm32f1xx_hal_cortex.o
    0x08001a58   0x08001a58   0x0000012c   Code   RO         1000    i.HAL_RCC_ClockConfig  stm32f1xx_hal_rcc.o
    0x08001b84   0x08001b84   0x00000020   Code   RO         1007    i.HAL_RCC_GetPCLK1Freq  stm32f1xx_hal_rcc.o
    0x08001ba4   0x08001ba4   0x00000020   Code   RO         1008    i.HAL_RCC_GetPCLK2Freq  stm32f1xx_hal_rcc.o
    0x08001bc4   0x08001bc4   0x0000006c   Code   RO         1009    i.HAL_RCC_GetSysClockFreq  stm32f1xx_hal_rcc.o
    0x08001c30   0x08001c30   0x00000320   Code   RO         1012    i.HAL_RCC_OscConfig  stm32f1xx_hal_rcc.o
    0x08001f50   0x08001f50   0x000000b2   Code   RO         1811    i.HAL_SPI_Init      stm32f1xx_hal_spi.o
    0x08002002   0x08002002   0x00000002   PAD
    0x08002004   0x08002004   0x00000070   Code   RO          300    i.HAL_SPI_MspInit   stm32f1xx_hal_msp.o
    0x08002074   0x08002074   0x0000015a   Code   RO         1814    i.HAL_SPI_Receive   stm32f1xx_hal_spi.o
    0x080021ce   0x080021ce   0x00000166   Code   RO         1819    i.HAL_SPI_Transmit  stm32f1xx_hal_spi.o
    0x08002334   0x08002334   0x000001e2   Code   RO         1820    i.HAL_SPI_TransmitReceive  stm32f1xx_hal_spi.o
    0x08002516   0x08002516   0x00000028   Code   RO         1311    i.HAL_SYSTICK_Config  stm32f1xx_hal_cortex.o
    0x0800253e   0x0800253e   0x00000002   Code   RO         2169    i.HAL_UARTEx_RxEventCallback  stm32f1xx_hal_uart.o
    0x08002540   0x08002540   0x00000002   Code   RO         2183    i.HAL_UART_ErrorCallback  stm32f1xx_hal_uart.o
    0x08002542   0x08002542   0x00000062   Code   RO         2187    i.HAL_UART_Init     stm32f1xx_hal_uart.o
    0x080025a4   0x080025a4   0x00000118   Code   RO          302    i.HAL_UART_MspInit  stm32f1xx_hal_msp.o
    0x080026bc   0x080026bc   0x0000002a   Code   RO         2191    i.HAL_UART_Receive_DMA  stm32f1xx_hal_uart.o
    0x080026e6   0x080026e6   0x00000002   PAD
    0x080026e8   0x080026e8   0x0000031c   Code   RO           14    i.HAL_UART_RxCpltCallback  main.o
    0x08002a04   0x08002a04   0x00000002   Code   RO         2194    i.HAL_UART_RxHalfCpltCallback  stm32f1xx_hal_uart.o
    0x08002a06   0x08002a06   0x00000002   PAD
    0x08002a08   0x08002a08   0x000000b2   Code   RO         2195    i.HAL_UART_Transmit  stm32f1xx_hal_uart.o
    0x08002aba   0x08002aba   0x00000002   Code   RO          212    i.HardFault_Handler  stm32f1xx_it.o
    0x08002abc   0x08002abc   0x00000084   Code   RO           15    i.MX_GPIO_Init      main.o
    0x08002b40   0x08002b40   0x00000038   Code   RO           16    i.MX_SPI1_Init      main.o
    0x08002b78   0x08002b78   0x00000002   Code   RO          213    i.MemManage_Handler  stm32f1xx_it.o
    0x08002b7a   0x08002b7a   0x00000002   Code   RO          214    i.NMI_Handler       stm32f1xx_it.o
    0x08002b7c   0x08002b7c   0x0000002c   Code   RO         2553    i.NRF24_ACTIVATE_cmd  my_nrf24.o
    0x08002ba8   0x08002ba8   0x0000001c   Code   RO         2554    i.NRF24_DelayMicroSeconds  my_nrf24.o
    0x08002bc4   0x08002bc4   0x00000030   Code   RO         2557    i.NRF24_availablePipe  my_nrf24.o
    0x08002bf4   0x08002bf4   0x0000018c   Code   RO         2558    i.NRF24_begin       my_nrf24.o
    0x08002d80   0x08002d80   0x00000014   Code   RO         2559    i.NRF24_ce          my_nrf24.o
    0x08002d94   0x08002d94   0x00000014   Code   RO         2560    i.NRF24_csn         my_nrf24.o
    0x08002da8   0x08002da8   0x00000028   Code   RO         2562    i.NRF24_disableDynamicPayloads  my_nrf24.o
    0x08002dd0   0x08002dd0   0x00000042   Code   RO         2563    i.NRF24_enableAckPayload  my_nrf24.o
    0x08002e12   0x08002e12   0x00000002   PAD
    0x08002e14   0x08002e14   0x0000004c   Code   RO         2564    i.NRF24_enableDynamicPayloads  my_nrf24.o
    0x08002e60   0x08002e60   0x00000008   Code   RO         2565    i.NRF24_flush_rx    my_nrf24.o
    0x08002e68   0x08002e68   0x00000008   Code   RO         2566    i.NRF24_flush_tx    my_nrf24.o
    0x08002e70   0x08002e70   0x00000006   Code   RO         2569    i.NRF24_getDynamicPayloadSize  my_nrf24.o
    0x08002e76   0x08002e76   0x00000006   Code   RO         2572    i.NRF24_get_status  my_nrf24.o
    0x08002e7c   0x08002e7c   0x0000002c   Code   RO         2576    i.NRF24_openWritingPipe  my_nrf24.o
    0x08002ea8   0x08002ea8   0x00000016   Code   RO         2577    i.NRF24_powerDown   my_nrf24.o
    0x08002ebe   0x08002ebe   0x00000002   PAD
    0x08002ec0   0x08002ec0   0x00000040   Code   RO         2581    i.NRF24_read_register  my_nrf24.o
    0x08002f00   0x08002f00   0x0000003c   Code   RO         2582    i.NRF24_read_registerN  my_nrf24.o
    0x08002f3c   0x08002f3c   0x00000008   Code   RO         2583    i.NRF24_resetStatus  my_nrf24.o
    0x08002f44   0x08002f44   0x0000000e   Code   RO         2584    i.NRF24_setAutoAck  my_nrf24.o
    0x08002f52   0x08002f52   0x00000028   Code   RO         2586    i.NRF24_setCRCLength  my_nrf24.o
    0x08002f7a   0x08002f7a   0x0000000e   Code   RO         2587    i.NRF24_setChannel  my_nrf24.o
    0x08002f88   0x08002f88   0x0000005c   Code   RO         2588    i.NRF24_setDataRate  my_nrf24.o
    0x08002fe4   0x08002fe4   0x0000003c   Code   RO         2589    i.NRF24_setPALevel  my_nrf24.o
    0x08003020   0x08003020   0x00000010   Code   RO         2590    i.NRF24_setPayloadSize  my_nrf24.o
    0x08003030   0x08003030   0x0000000e   Code   RO         2591    i.NRF24_setRetries  my_nrf24.o
    0x0800303e   0x0800303e   0x0000004a   Code   RO         2593    i.NRF24_startWrite  my_nrf24.o
    0x08003088   0x08003088   0x00000014   Code   RO         2594    i.NRF24_stopListening  my_nrf24.o
    0x0800309c   0x0800309c   0x00000032   Code   RO         2597    i.NRF24_whatHappened  my_nrf24.o
    0x080030ce   0x080030ce   0x00000002   PAD
    0x080030d0   0x080030d0   0x00000064   Code   RO         2598    i.NRF24_write       my_nrf24.o
    0x08003134   0x08003134   0x00000038   Code   RO         2600    i.NRF24_write_payload  my_nrf24.o
    0x0800316c   0x0800316c   0x00000030   Code   RO         2601    i.NRF24_write_register  my_nrf24.o
    0x0800319c   0x0800319c   0x0000003c   Code   RO         2602    i.NRF24_write_registerN  my_nrf24.o
    0x080031d8   0x080031d8   0x00000002   Code   RO          215    i.PendSV_Handler    stm32f1xx_it.o
    0x080031da   0x080031da   0x0000005c   Code   RO         1848    i.SPI_EndRxTransaction  stm32f1xx_hal_spi.o
    0x08003236   0x08003236   0x00000020   Code   RO         1849    i.SPI_EndRxTxTransaction  stm32f1xx_hal_spi.o
    0x08003256   0x08003256   0x00000002   PAD
    0x08003258   0x08003258   0x000000b8   Code   RO         1854    i.SPI_WaitFlagStateUntilTimeout  stm32f1xx_hal_spi.o
    0x08003310   0x08003310   0x00000002   Code   RO          216    i.SVC_Handler       stm32f1xx_it.o
    0x08003312   0x08003312   0x00000004   Code   RO          217    i.SysTick_Handler   stm32f1xx_it.o
    0x08003316   0x08003316   0x0000004e   Code   RO           17    i.SystemClock_Config  main.o
    0x08003364   0x08003364   0x00000002   Code   RO         2516    i.SystemInit        system_stm32f1xx.o
    0x08003366   0x08003366   0x0000004a   Code   RO         2201    i.UART_DMAError     stm32f1xx_hal_uart.o
    0x080033b0   0x080033b0   0x0000005a   Code   RO         2202    i.UART_DMAReceiveCplt  stm32f1xx_hal_uart.o
    0x0800340a   0x0800340a   0x0000001a   Code   RO         2204    i.UART_DMARxHalfCplt  stm32f1xx_hal_uart.o
    0x08003424   0x08003424   0x00000030   Code   RO         2210    i.UART_EndRxTransfer  stm32f1xx_hal_uart.o
    0x08003454   0x08003454   0x00000012   Code   RO         2211    i.UART_EndTxTransfer  stm32f1xx_hal_uart.o
    0x08003466   0x08003466   0x00000002   PAD
    0x08003468   0x08003468   0x000000b8   Code   RO         2213    i.UART_SetConfig    stm32f1xx_hal_uart.o
    0x08003520   0x08003520   0x00000070   Code   RO         2214    i.UART_Start_Receive_DMA  stm32f1xx_hal_uart.o
    0x08003590   0x08003590   0x00000064   Code   RO         2216    i.UART_WaitOnFlagUntilTimeout  stm32f1xx_hal_uart.o
    0x080035f4   0x080035f4   0x00000002   Code   RO          218    i.UsageFault_Handler  stm32f1xx_it.o
    0x080035f6   0x080035f6   0x00000002   PAD
    0x080035f8   0x080035f8   0x00000028   Code   RO         3142    i.__0sprintf        mc_w.l(printfa.o)
    0x08003620   0x08003620   0x00000020   Code   RO         1313    i.__NVIC_SetPriority  stm32f1xx_hal_cortex.o
    0x08003640   0x08003640   0x0000000e   Code   RO         3253    i.__scatterload_copy  mc_w.l(handlers.o)
    0x0800364e   0x0800364e   0x00000002   Code   RO         3254    i.__scatterload_null  mc_w.l(handlers.o)
    0x08003650   0x08003650   0x0000000e   Code   RO         3255    i.__scatterload_zeroinit  mc_w.l(handlers.o)
    0x0800365e   0x0800365e   0x00000002   PAD
    0x08003660   0x08003660   0x00000184   Code   RO         3147    i._fp_digits        mc_w.l(printfa.o)
    0x080037e4   0x080037e4   0x0000000e   Code   RO         3174    i._is_digit         mc_w.l(scanf_fp.o)
    0x080037f2   0x080037f2   0x00000002   PAD
    0x080037f4   0x080037f4   0x000006dc   Code   RO         3148    i._printf_core      mc_w.l(printfa.o)
    0x08003ed0   0x08003ed0   0x00000024   Code   RO         3149    i._printf_post_padding  mc_w.l(printfa.o)
    0x08003ef4   0x08003ef4   0x0000002e   Code   RO         3150    i._printf_pre_padding  mc_w.l(printfa.o)
    0x08003f22   0x08003f22   0x0000000a   Code   RO         3152    i._sputc            mc_w.l(printfa.o)
    0x08003f2c   0x08003f2c   0x000001fc   Code   RO           18    i.main              main.o
    0x08004128   0x08004128   0x00000018   Code   RO         2603    i.nrf24_DebugUART_Init  my_nrf24.o
    0x08004140   0x08004140   0x000007d0   Code   RO         2606    i.printRadioSettings  my_nrf24.o
    0x08004910   0x08004910   0x00000072   Code   RO         2888    i.roundf            m_ws.l(roundf.o)
    0x08004982   0x08004982   0x00000010   Data   RO         2517    .constdata          system_stm32f1xx.o
    0x08004992   0x08004992   0x00000008   Data   RO         2518    .constdata          system_stm32f1xx.o
    0x0800499a   0x0800499a   0x00000040   Data   RO         3249    .constdata          mc_w.l(ctype_c.o)
    0x080049da   0x080049da   0x00000002   PAD
    0x080049dc   0x080049dc   0x000000da   Data   RO         2610    .conststring        my_nrf24.o
    0x08004ab6   0x08004ab6   0x00000002   PAD
    0x08004ab8   0x08004ab8   0x00000020   Data   RO         3251    Region$$Table       anon$$obj.o


    Execution Region RW_IRAM1 (Exec base: 0x20000000, Load base: 0x08004ad8, Size: 0x00000f60, Max: 0x00005000, ABSOLUTE)

    Exec Addr    Load Addr    Size         Type   Attr      Idx    E Section Name        Object

    0x20000000   0x08004ad8   0x00000048   Data   RW           28    .data               main.o
    0x20000048   0x08004b20   0x0000000c   Data   RW          850    .data               stm32f1xx_hal.o
    0x20000054   0x08004b2c   0x00000004   Data   RW         2519    .data               system_stm32f1xx.o
    0x20000058   0x08004b30   0x00000018   Data   RW         2611    .data               my_nrf24.o
    0x20000070        -       0x000009c6   Zero   RW           19    .bss                main.o
    0x20000a36   0x08004b48   0x00000002   PAD
    0x20000a38        -       0x00000044   Zero   RW           20    .bss                main.o
    0x20000a7c        -       0x00000044   Zero   RW           21    .bss                main.o
    0x20000ac0        -       0x0000009c   Zero   RW         2608    .bss                my_nrf24.o
    0x20000b5c   0x08004b48   0x00000004   PAD
    0x20000b60        -       0x00000400   Zero   RW            1    STACK               startup_stm32f103xb.o


==============================================================================

Image component sizes


      Code (inc. data)   RO Data    RW Data    ZI Data      Debug   Object Name

      1572        232          0         72       2638     413961   main.o
      3646        992        218         24        156      20256   my_nrf24.o
        36          8        236          0       1024        780   startup_stm32f103xb.o
       164         28          0         12          0       5729   stm32f1xx_hal.o
       198         14          0          0          0      28815   stm32f1xx_hal_cortex.o
       586         32          0          0          0       3487   stm32f1xx_hal_dma.o
       490         34          0          0          0       2824   stm32f1xx_hal_gpio.o
       392         16          0          0          0       3055   stm32f1xx_hal_i2c.o
       544         64          0          0          0       3145   stm32f1xx_hal_msp.o
      1272        100          0          0          0       5068   stm32f1xx_hal_rcc.o
      1672          4          0          0          0       7978   stm32f1xx_hal_spi.o
       976         20          0          0          0       9508   stm32f1xx_hal_uart.o
        44         12          0          0          0       4540   stm32f1xx_it.o
         2          0         24          4          0       1055   system_stm32f1xx.o

    ----------------------------------------------------------------------
     11620       1556        512        112       3824     510201   Object Totals
         0          0         32          0          0          0   (incl. Generated)
        26          0          2          0          6          0   (incl. Padding)

    ----------------------------------------------------------------------

      Code (inc. data)   RO Data    RW Data    ZI Data      Debug   Library Member Name

       114          0          0          0          0         80   roundf.o
        56          8          0          0          0         84   __0sscanf.o
        28          0          0          0          0         68   _chval.o
       812          4          0          0          0        112   _scanf.o
       332          0          0          0          0         96   _scanf_int.o
        64          0          0          0          0         84   _sgetc.o
        40          6         64          0          0         68   ctype_c.o
         0          0          0          0          0          0   entry.o
         0          0          0          0          0          0   entry10a.o
         0          0          0          0          0          0   entry11a.o
         8          4          0          0          0          0   entry2.o
         4          0          0          0          0          0   entry5.o
         0          0          0          0          0          0   entry7b.o
         0          0          0          0          0          0   entry8b.o
         8          4          0          0          0          0   entry9a.o
        30          0          0          0          0          0   handlers.o
        36          8          0          0          0         68   init.o
        10          0          0          0          0         68   isspace_c.o
         0          0          0          0          0          0   iusefp.o
        30          0          0          0          0         68   llshl.o
        36          0          0          0          0         68   llsshr.o
        32          0          0          0          0         68   llushr.o
        36          0          0          0          0         68   memcpya.o
        36          0          0          0          0        108   memseta.o
      2276         86          0          0          0        520   printfa.o
        40          8          0          0          0         84   scanf_char.o
       878         12          0          0          0        216   scanf_fp.o
        18          0          0          0          0         68   strcpy.o
        14          0          0          0          0         68   strlen.o
        36          0          0          0          0         80   strstr.o
        44          0          0          0          0         80   uidiv.o
        98          0          0          0          0         92   uldiv.o
        48          0          0          0          0         68   cdrcmple.o
        56          0          0          0          0         88   d2f.o
       334          0          0          0          0        148   dadd.o
       222          0          0          0          0        100   ddiv.o
       186          0          0          0          0        176   depilogue.o
        48          0          0          0          0         68   dfixul.o
        34          0          0          0          0         76   dflti.o
        24          0          0          0          0         76   dfltul.o
       228          0          0          0          0         96   dmul.o
        38          0          0          0          0         68   f2d.o
       176          0          0          0          0        140   fadd.o
       124          0          0          0          0         88   fdiv.o
       110          0          0          0          0        168   fepilogue.o
        50          0          0          0          0         68   ffixi.o
       100          0          0          0          0         76   fmul.o
        60          0          0          0          0         76   frnd.o

    ----------------------------------------------------------------------
      6962        140         66          0          0       3896   Library Totals
         8          0          2          0          0          0   (incl. Padding)

    ----------------------------------------------------------------------

      Code (inc. data)   RO Data    RW Data    ZI Data      Debug   Library Name

       114          0          0          0          0         80   m_ws.l
      5002        140         64          0          0       2236   mc_w.l
      1838          0          0          0          0       1580   mf_w.l

    ----------------------------------------------------------------------
      6962        140         66          0          0       3896   Library Totals

    ----------------------------------------------------------------------

==============================================================================


      Code (inc. data)   RO Data    RW Data    ZI Data      Debug   

     18582       1696        578        112       3824     507073   Grand Totals
     18582       1696        578        112       3824     507073   ELF Image Totals
     18582       1696        578        112          0          0   ROM Totals

==============================================================================

    Total RO  Size (Code + RO Data)                19160 (  18.71kB)
    Total RW  Size (RW Data + ZI Data)              3936 (   3.84kB)
    Total ROM Size (Code + RO Data + RW Data)      19272 (  18.82kB)

==============================================================================

